--- Data collected from rhel-02 (192.168.1.11) ---

========================================
Executing: hostnamectl
========================================

   Static hostname: rhel-02
         Icon name: computer-vm
           Chassis: vm
        Machine ID: 415b7b0f8ccb4ea299164d7db22e508a
           Boot ID: d727512f27a743d2adcf544f5009679d
    Virtualization: oracle
  Operating System: ]8;;https://www.redhat.com/Red Hat Enterprise Linux 8.9 (Ootpa)]8;;
       CPE OS Name: cpe:/o:redhat:enterprise_linux:8::baseos
            Kernel: Linux 4.18.0-513.5.1.el8_9.x86_64
      Architecture: x86-64


========================================
Executing: cat /etc/redhat-release
========================================

Red Hat Enterprise Linux release 8.9 (Ootpa)


========================================
Executing: lscpu
========================================

Architecture:        x86_64
CPU op-mode(s):      32-bit, 64-bit
Byte Order:          Little Endian
CPU(s):              2
On-line CPU(s) list: 0,1
Thread(s) per core:  1
Core(s) per socket:  2
Socket(s):           1
NUMA node(s):        1
Vendor ID:           GenuineIntel
CPU family:          6
Model:               140
Model name:          11th Gen Intel(R) Core(TM) i7-1165G7 @ 2.80GHz
Stepping:            1
CPU MHz:             2803.196
BogoMIPS:            5606.39
Hypervisor vendor:   KVM
Virtualization type: full
L1d cache:           48K
L1i cache:           32K
L2 cache:            1280K
L3 cache:            12288K
NUMA node0 CPU(s):   0,1
Flags:               fpu vme de pse tsc msr pae mce cx8 apic sep mtrr pge mca cmov pat pse36 clflush mmx fxsr sse sse2 ht syscall nx rdtscp lm constant_tsc rep_good nopl xtopology nonstop_tsc cpuid tsc_known_freq pni pclmulqdq ssse3 fma cx16 pcid sse4_1 sse4_2 x2apic movbe popcnt aes xsave avx f16c rdrand hypervisor lahf_lm abm 3dnowprefetch invpcid_single pti fsgsbase bmi1 avx2 bmi2 invpcid rdseed adx clflushopt sha_ni arat md_clear flush_l1d arch_capabilities


========================================
Executing: cat /proc/cpuinfo
========================================

processor	: 0
vendor_id	: GenuineIntel
cpu family	: 6
model		: 140
model name	: 11th Gen Intel(R) Core(TM) i7-1165G7 @ 2.80GHz
stepping	: 1
microcode	: 0xb8
cpu MHz		: 2803.196
cache size	: 12288 KB
physical id	: 0
siblings	: 2
core id		: 0
cpu cores	: 2
apicid		: 0
initial apicid	: 0
fpu		: yes
fpu_exception	: yes
cpuid level	: 22
wp		: yes
flags		: fpu vme de pse tsc msr pae mce cx8 apic sep mtrr pge mca cmov pat pse36 clflush mmx fxsr sse sse2 ht syscall nx rdtscp lm constant_tsc rep_good nopl xtopology nonstop_tsc cpuid tsc_known_freq pni pclmulqdq ssse3 fma cx16 pcid sse4_1 sse4_2 x2apic movbe popcnt aes xsave avx f16c rdrand hypervisor lahf_lm abm 3dnowprefetch invpcid_single pti fsgsbase bmi1 avx2 bmi2 invpcid rdseed adx clflushopt sha_ni arat md_clear flush_l1d arch_capabilities
bugs		: cpu_meltdown spectre_v1 spectre_v2 spec_store_bypass l1tf mds swapgs itlb_multihit gds
bogomips	: 5606.39
clflush size	: 64
cache_alignment	: 64
address sizes	: 39 bits physical, 48 bits virtual
power management:

processor	: 1
vendor_id	: GenuineIntel
cpu family	: 6
model		: 140
model name	: 11th Gen Intel(R) Core(TM) i7-1165G7 @ 2.80GHz
stepping	: 1
microcode	: 0xb8
cpu MHz		: 2803.196
cache size	: 12288 KB
physical id	: 0
siblings	: 2
core id		: 1
cpu cores	: 2
apicid		: 1
initial apicid	: 1
fpu		: yes
fpu_exception	: yes
cpuid level	: 22
wp		: yes
flags		: fpu vme de pse tsc msr pae mce cx8 apic sep mtrr pge mca cmov pat pse36 clflush mmx fxsr sse sse2 ht syscall nx rdtscp lm constant_tsc rep_good nopl xtopology nonstop_tsc cpuid tsc_known_freq pni pclmulqdq ssse3 fma cx16 pcid sse4_1 sse4_2 x2apic movbe popcnt aes xsave avx f16c rdrand hypervisor lahf_lm abm 3dnowprefetch invpcid_single pti fsgsbase bmi1 avx2 bmi2 invpcid rdseed adx clflushopt sha_ni arat md_clear flush_l1d arch_capabilities
bugs		: cpu_meltdown spectre_v1 spectre_v2 spec_store_bypass l1tf mds swapgs itlb_multihit gds
bogomips	: 5606.39
clflush size	: 64
cache_alignment	: 64
address sizes	: 39 bits physical, 48 bits virtual
power management:



========================================
Executing: cat /proc/meminfo
========================================

MemTotal:        1808756 kB
MemFree:         1092888 kB
MemAvailable:    1425636 kB
Buffers:            4204 kB
Cached:           450136 kB
SwapCached:            0 kB
Active:           245932 kB
Inactive:         314376 kB
Active(anon):        880 kB
Inactive(anon):   121900 kB
Active(file):     245052 kB
Inactive(file):   192476 kB
Unevictable:           0 kB
Mlocked:               0 kB
SwapTotal:       2138108 kB
SwapFree:        2138108 kB
Dirty:                32 kB
Writeback:             0 kB
AnonPages:        105676 kB
Mapped:            51024 kB
Shmem:             16812 kB
KReclaimable:      51920 kB
Slab:              95268 kB
SReclaimable:      51920 kB
SUnreclaim:        43348 kB
KernelStack:        2208 kB
PageTables:         5656 kB
NFS_Unstable:          0 kB
Bounce:                0 kB
WritebackTmp:          0 kB
CommitLimit:     3042484 kB
Committed_AS:     354492 kB
VmallocTotal:   34359738367 kB
VmallocUsed:       18324 kB
VmallocChunk:          0 kB
Percpu:              960 kB
HardwareCorrupted:     0 kB
AnonHugePages:     36864 kB
ShmemHugePages:        0 kB
ShmemPmdMapped:        0 kB
FileHugePages:         0 kB
FilePmdMapped:         0 kB
HugePages_Total:       0
HugePages_Free:        0
HugePages_Rsvd:        0
HugePages_Surp:        0
Hugepagesize:       2048 kB
Hugetlb:               0 kB
DirectMap4k:      112576 kB
DirectMap2M:     1984512 kB


========================================
Executing: free -lh
========================================

              total        used        free      shared  buff/cache   available
Mem:          1.7Gi       204Mi       1.0Gi        16Mi       494Mi       1.4Gi
Low:          1.7Gi       699Mi       1.0Gi
High:            0B          0B          0B
Swap:         2.0Gi          0B       2.0Gi


========================================
Executing: df -lh
========================================

Filesystem                   Size  Used Avail Use% Mounted on
devtmpfs                     865M     0  865M   0% /dev
tmpfs                        884M     0  884M   0% /dev/shm
tmpfs                        884M   17M  867M   2% /run
tmpfs                        884M     0  884M   0% /sys/fs/cgroup
/dev/mapper/rhel_rhel8-root   70G  2.6G   68G   4% /
/dev/sda1                   1014M  213M  802M  21% /boot
tmpfs                        177M     0  177M   0% /run/user/1001


========================================
Executing: uptime
========================================

 16:32:11 up  2:01,  2 users,  load average: 0.42, 0.11, 0.03


========================================
Executing: top -b -n 1
========================================

top - 16:32:11 up  2:01,  2 users,  load average: 0.42, 0.11, 0.03
Tasks: 111 total,   1 running, 110 sleeping,   0 stopped,   0 zombie
%Cpu(s):  0.0 us,  0.0 sy,  0.0 ni,100.0 id,  0.0 wa,  0.0 hi,  0.0 si,  0.0 st
MiB Mem :   1766.4 total,   1066.8 free,    205.1 used,    494.4 buff/cache
MiB Swap:   2088.0 total,   2088.0 free,      0.0 used.   1391.8 avail Mem 

    PID USER      PR  NI    VIRT    RES    SHR S  %CPU  %MEM     TIME+ COMMAND
      1 root      20   0  240936  13900   9152 S   0.0   0.8   0:02.71 systemd
      2 root      20   0       0      0      0 S   0.0   0.0   0:00.00 kthreadd
      3 root       0 -20       0      0      0 I   0.0   0.0   0:00.00 rcu_gp
      4 root       0 -20       0      0      0 I   0.0   0.0   0:00.00 rcu_par+
      5 root       0 -20       0      0      0 I   0.0   0.0   0:00.00 slub_fl+
      7 root       0 -20       0      0      0 I   0.0   0.0   0:00.00 kworker+
     10 root       0 -20       0      0      0 I   0.0   0.0   0:00.00 mm_perc+
     11 root      20   0       0      0      0 S   0.0   0.0   0:00.00 rcu_tas+
     12 root      20   0       0      0      0 S   0.0   0.0   0:00.00 rcu_tas+
     13 root      20   0       0      0      0 S   0.0   0.0   0:00.06 ksoftir+
     14 root      20   0       0      0      0 I   0.0   0.0   0:00.25 rcu_sch+
     15 root      rt   0       0      0      0 S   0.0   0.0   0:00.00 migrati+
     16 root      rt   0       0      0      0 S   0.0   0.0   0:00.00 watchdo+
     17 root      20   0       0      0      0 S   0.0   0.0   0:00.00 cpuhp/0
     18 root      20   0       0      0      0 S   0.0   0.0   0:00.00 cpuhp/1
     19 root      rt   0       0      0      0 S   0.0   0.0   0:00.00 watchdo+
     20 root      rt   0       0      0      0 S   0.0   0.0   0:00.00 migrati+
     21 root      20   0       0      0      0 S   0.0   0.0   0:00.07 ksoftir+
     23 root       0 -20       0      0      0 I   0.0   0.0   0:00.00 kworker+
     25 root      20   0       0      0      0 I   0.0   0.0   0:00.17 kworker+
     26 root      20   0       0      0      0 S   0.0   0.0   0:00.00 kdevtmp+
     27 root       0 -20       0      0      0 I   0.0   0.0   0:00.00 netns
     28 root      20   0       0      0      0 S   0.0   0.0   0:00.03 kauditd
     30 root      20   0       0      0      0 S   0.0   0.0   0:00.00 khungta+
     31 root      20   0       0      0      0 S   0.0   0.0   0:00.00 oom_rea+
     32 root       0 -20       0      0      0 I   0.0   0.0   0:00.00 writeba+
     33 root      20   0       0      0      0 S   0.0   0.0   0:00.00 kcompac+
     34 root      25   5       0      0      0 S   0.0   0.0   0:00.00 ksmd
     35 root      39  19       0      0      0 S   0.0   0.0   0:00.13 khugepa+
     36 root       0 -20       0      0      0 I   0.0   0.0   0:00.00 crypto
     37 root       0 -20       0      0      0 I   0.0   0.0   0:00.00 kintegr+
     38 root       0 -20       0      0      0 I   0.0   0.0   0:00.00 kblockd
     39 root       0 -20       0      0      0 I   0.0   0.0   0:00.00 blkcg_p+
     40 root       0 -20       0      0      0 I   0.0   0.0   0:00.00 tpm_dev+
     41 root       0 -20       0      0      0 I   0.0   0.0   0:00.00 md
     42 root       0 -20       0      0      0 I   0.0   0.0   0:00.00 edac-po+
     43 root      rt   0       0      0      0 S   0.0   0.0   0:00.00 watchdo+
     44 root       0 -20       0      0      0 I   0.0   0.0   0:00.04 kworker+
     64 root      20   0       0      0      0 S   0.0   0.0   0:00.00 kswapd0
    125 root       0 -20       0      0      0 I   0.0   0.0   0:00.00 kthrotld
    126 root       0 -20       0      0      0 I   0.0   0.0   0:00.00 acpi_th+
    127 root       0 -20       0      0      0 I   0.0   0.0   0:00.00 kmpath_+
    128 root       0 -20       0      0      0 I   0.0   0.0   0:00.00 kaluad
    129 root       0 -20       0      0      0 I   0.0   0.0   0:00.00 ipv6_ad+
    130 root       0 -20       0      0      0 I   0.0   0.0   0:00.00 kstrp
    169 root       0 -20       0      0      0 I   0.0   0.0   0:00.00 zswap-s+
    221 root       0 -20       0      0      0 I   0.0   0.0   0:00.10 kworker+
    239 root      20   0       0      0      0 I   0.0   0.0   0:00.03 kworker+
    384 root       0 -20       0      0      0 I   0.0   0.0   0:00.00 iprt-VB+
    389 root       0 -20       0      0      0 I   0.0   0.0   0:00.00 ata_sff
    392 root      20   0       0      0      0 S   0.0   0.0   0:00.00 scsi_eh+
    393 root       0 -20       0      0      0 I   0.0   0.0   0:00.00 scsi_tm+
    396 root      20   0       0      0      0 S   0.0   0.0   0:00.01 scsi_eh+
    397 root       0 -20       0      0      0 I   0.0   0.0   0:00.00 scsi_tm+
    399 root      20   0       0      0      0 S   0.0   0.0   0:00.01 scsi_eh+
    401 root       0 -20       0      0      0 I   0.0   0.0   0:00.00 scsi_tm+
    406 root       0 -20       0      0      0 I   0.0   0.0   0:00.00 ttm
    481 root       0 -20       0      0      0 I   0.0   0.0   0:00.00 kdmflus+
    488 root       0 -20       0      0      0 I   0.0   0.0   0:00.00 kdmflus+
    514 root       0 -20       0      0      0 I   0.0   0.0   0:00.00 xfsalloc
    516 root       0 -20       0      0      0 I   0.0   0.0   0:00.00 xfs_mru+
    517 root       0 -20       0      0      0 I   0.0   0.0   0:00.00 xfs-buf+
    518 root       0 -20       0      0      0 I   0.0   0.0   0:00.00 xfs-con+
    519 root       0 -20       0      0      0 I   0.0   0.0   0:00.00 xfs-cil+
    520 root       0 -20       0      0      0 I   0.0   0.0   0:00.00 xfs-rec+
    521 root       0 -20       0      0      0 I   0.0   0.0   0:00.00 xfs-blo+
    522 root       0 -20       0      0      0 I   0.0   0.0   0:00.00 xfs-log+
    523 root      20   0       0      0      0 S   0.0   0.0   0:00.25 xfsaild+
    647 root      20   0   85976  10040   7512 S   0.0   0.6   0:00.19 systemd+
    649 root      20   0   12232   5000   1652 S   0.0   0.3   0:00.57 haveged
    650 root      20   0   89640   9264   8212 S   0.0   0.5   0:00.68 systemd+
    651 root       0 -20       0      0      0 I   0.0   0.0   0:00.00 xfs-buf+
    652 root       0 -20       0      0      0 I   0.0   0.0   0:00.00 xfs-con+
    653 root       0 -20       0      0      0 I   0.0   0.0   0:00.00 xfs-cil+
    654 root       0 -20       0      0      0 I   0.0   0.0   0:00.00 xfs-rec+
    655 root       0 -20       0      0      0 I   0.0   0.0   0:00.00 xfs-blo+
    656 root       0 -20       0      0      0 I   0.0   0.0   0:00.00 xfs-log+
    657 root      20   0       0      0      0 S   0.0   0.0   0:00.00 xfsaild+
    698 root      16  -4   57108   2392   1780 S   0.0   0.1   0:00.28 auditd
    736 dbus      20   0   64920   7708   4592 S   0.0   0.4   0:01.50 dbus-da+
    738 root      20   0  306056  53788  18556 S   0.0   3.0   0:00.71 firewal+
    740 root      20   0  124912   4856   4308 S   0.0   0.3   0:00.31 irqbala+
    744 root      20   0   83280   9568   7452 S   0.0   0.5   0:00.50 systemd+
    754 chrony    20   0  140080   4496   3792 S   0.0   0.2   0:00.06 chronyd
    799 root      20   0  485004  36580  16520 S   0.0   2.0   0:24.86 tuned
    804 root      20   0  115536   2424   1872 S   0.0   0.1   0:00.00 rhsmcer+
    813 root      20   0   25860   3436   2568 S   0.0   0.2   0:00.02 crond
    820 root      20   0    6916   1636   1528 S   0.0   0.1   0:00.00 agetty
    837 polkitd   20   0 1610904  24584  17144 S   0.0   1.4   0:00.36 polkitd
    906 root      20   0  283252   9496   5220 S   0.0   0.5   0:00.86 rsyslogd
   1930 root      20   0  380900  20780  16144 S   0.0   1.1   0:00.29 Network+
   2704 root      20   0  326960   3756   3284 S   0.0   0.2   0:01.28 VBoxSer+
   2860 root      20   0   76652   7556   6628 S   0.0   0.4   0:00.04 sshd
   3858 root      20   0  136824   9656   8380 S   0.0   0.5   0:00.01 sshd
   3864 sisindo   20   0   89576   9612   8252 S   0.0   0.5   0:00.08 systemd
   3867 sisindo   20   0  235020   5036      4 S   0.0   0.3   0:00.00 (sd-pam)
   3873 sisindo   20   0  136824   5256   3960 S   0.0   0.3   0:00.01 sshd
   3874 sisindo   20   0   16020   4848   3360 S   0.0   0.3   0:00.04 bash
   7549 root      20   0       0      0      0 I   0.0   0.0   0:00.15 kworker+
   7648 root      20   0       0      0      0 I   0.0   0.0   0:01.32 kworker+
   8079 root      20   0       0      0      0 I   0.0   0.0   0:00.00 kworker+
   8083 root      20   0       0      0      0 I   0.0   0.0   0:00.02 kworker+
   8924 root      20   0       0      0      0 I   0.0   0.0   0:00.08 kworker+
   9357 root      20   0       0      0      0 I   0.0   0.0   0:00.03 kworker+
   9358 root      20   0       0      0      0 I   0.0   0.0   0:00.00 kworker+
   9362 root      20   0       0      0      0 I   0.0   0.0   0:00.00 kworker+
   9794 root      20   0       0      0      0 I   0.0   0.0   0:00.00 kworker+
   9798 root      20   0  136824   9748   8468 S   0.0   0.5   0:00.02 sshd
   9802 sisindo   20   0  136824   6020   4720 S   0.0   0.3   0:00.01 sshd
   9826 root      20   0   80792   8244   6372 S   0.0   0.5   0:00.06 systemd+
   9988 sisindo   20   0   54192   4196   3624 R   0.0   0.2   0:00.01 top


========================================
Executing: sudo cat /var/log/messages | grep fatal
========================================



========================================
Executing: sudo cat /var/log/messages | grep failed
========================================

Sep  2 13:34:15 rhel8 kernel: vboxguest: module verification failed: signature and/or required key missing - tainting kernel
Sep  2 13:34:22 rhel8 dbus-daemon[744]: [system] Activation via systemd failed for unit 'dbus-org.freedesktop.resolve1.service': Unit dbus-org.freedesktop.resolve1.service not found.
Sep  2 14:20:40 rhel8 kernel: vboxguest: module verification failed: signature and/or required key missing - tainting kernel
Sep  2 14:20:45 rhel8 dbus-daemon[737]: [system] Activation via systemd failed for unit 'dbus-org.freedesktop.resolve1.service': Unit dbus-org.freedesktop.resolve1.service not found.
Sep  2 14:21:06 rhel8 dbus-daemon[737]: [system] Activation via systemd failed for unit 'dbus-org.freedesktop.resolve1.service': Unit dbus-org.freedesktop.resolve1.service not found.
Sep  2 14:25:19 rhel8 kernel: vboxguest: module verification failed: signature and/or required key missing - tainting kernel
Sep  2 14:25:24 rhel8 dbus-daemon[723]: [system] Activation via systemd failed for unit 'dbus-org.freedesktop.resolve1.service': Unit dbus-org.freedesktop.resolve1.service not found.
Sep  2 14:25:44 rhel8 dbus-daemon[723]: [system] Activation via systemd failed for unit 'dbus-org.freedesktop.resolve1.service': Unit dbus-org.freedesktop.resolve1.service not found.
Sep  2 14:30:02 rhel8 kernel: vboxguest: module verification failed: signature and/or required key missing - tainting kernel
Sep  2 14:30:07 rhel8 dbus-daemon[736]: [system] Activation via systemd failed for unit 'dbus-org.freedesktop.resolve1.service': Unit dbus-org.freedesktop.resolve1.service not found.
Sep  2 14:30:28 rhel8 dbus-daemon[736]: [system] Activation via systemd failed for unit 'dbus-org.freedesktop.resolve1.service': Unit dbus-org.freedesktop.resolve1.service not found.


========================================
Executing: sudo cat /var/log/secure | grep failed
========================================

Sep  2 13:34:43 rhel8 useradd[966]: failed adding user 'vboxadd', exit code: 9
Sep  2 13:34:43 rhel8 useradd[967]: failed adding user 'vboxadd', exit code: 9
Sep  2 14:21:05 rhel8 useradd[1604]: failed adding user 'vboxadd', exit code: 9
Sep  2 14:21:05 rhel8 useradd[1610]: failed adding user 'vboxadd', exit code: 9
Sep  2 14:25:45 rhel8 useradd[2035]: failed adding user 'vboxadd', exit code: 9
Sep  2 14:25:45 rhel8 useradd[2038]: failed adding user 'vboxadd', exit code: 9
Sep  2 14:30:29 rhel8 useradd[2401]: failed adding user 'vboxadd', exit code: 9
Sep  2 14:30:29 rhel8 useradd[2409]: failed adding user 'vboxadd', exit code: 9
Sep  2 14:54:22 rhel8 sudo[3098]: pam_unix(sudo:auth): conversation failed
Sep  2 14:57:51 rhel8 sudo[3210]: pam_unix(sudo:auth): conversation failed
Sep  2 14:59:35 rhel8 sudo[3320]: pam_unix(sudo:auth): conversation failed
Sep  2 15:07:07 rhel8 sudo[3830]: pam_unix(sudo:auth): conversation failed
Sep  2 15:12:17 rhel8 sudo[4044]: pam_unix(sudo:auth): conversation failed
Sep  2 15:14:20 rhel8 sudo[4192]: pam_unix(sudo:auth): conversation failed
Sep  2 15:17:08 rhel8 sudo[4340]: pam_unix(sudo:auth): conversation failed
Sep  2 15:18:53 rhel8 sudo[4362]: pam_unix(sudo:auth): conversation failed


========================================
Executing: sudo cat /var/log/messages | grep error
========================================



========================================
Executing: sudo cat /var/log/messages | grep critical
========================================



========================================
Executing: sudo cat /var/log/messages | grep denied
========================================



========================================
Executing: sudo cat /var/log/messages | grep systemd | grep failed
========================================

Sep  2 13:34:22 rhel8 dbus-daemon[744]: [system] Activation via systemd failed for unit 'dbus-org.freedesktop.resolve1.service': Unit dbus-org.freedesktop.resolve1.service not found.
Sep  2 14:20:45 rhel8 dbus-daemon[737]: [system] Activation via systemd failed for unit 'dbus-org.freedesktop.resolve1.service': Unit dbus-org.freedesktop.resolve1.service not found.
Sep  2 14:21:06 rhel8 dbus-daemon[737]: [system] Activation via systemd failed for unit 'dbus-org.freedesktop.resolve1.service': Unit dbus-org.freedesktop.resolve1.service not found.
Sep  2 14:25:24 rhel8 dbus-daemon[723]: [system] Activation via systemd failed for unit 'dbus-org.freedesktop.resolve1.service': Unit dbus-org.freedesktop.resolve1.service not found.
Sep  2 14:25:44 rhel8 dbus-daemon[723]: [system] Activation via systemd failed for unit 'dbus-org.freedesktop.resolve1.service': Unit dbus-org.freedesktop.resolve1.service not found.
Sep  2 14:30:07 rhel8 dbus-daemon[736]: [system] Activation via systemd failed for unit 'dbus-org.freedesktop.resolve1.service': Unit dbus-org.freedesktop.resolve1.service not found.
Sep  2 14:30:28 rhel8 dbus-daemon[736]: [system] Activation via systemd failed for unit 'dbus-org.freedesktop.resolve1.service': Unit dbus-org.freedesktop.resolve1.service not found.


========================================
Executing: sudo cat /var/log/messages
========================================

Jan 10 11:02:02 rhel8 dbus-daemon[687]: [system] Activating via systemd: service name='org.freedesktop.timedate1' unit='dbus-org.freedesktop.timedate1.service' requested by ':1.31' (uid=0 pid=43093 comm="timedatectl set-timezone UTC " label="unconfined_u:unconfined_r:unconfined_t:s0-s0:c0.c1023")
Jan 10 11:02:02 rhel8 systemd[1]: Starting System clock and RTC settings service...
Jan 10 11:02:02 rhel8 dbus-daemon[687]: [system] Successfully activated service 'org.freedesktop.timedate1'
Jan 10 11:02:02 rhel8 systemd[1]: Started System clock and RTC settings service.
Jan 10 11:02:33 rhel8 systemd[1]: timedatex.service: Succeeded.
Jan 10 11:05:05 rhel8 systemd[1]: dev-rhel_rhel8-swap.swap: Succeeded.
Jan 10 11:05:05 rhel8 systemd[1]: dev-disk-by\x2duuid-90dad8f0\x2d107c\x2d40b6\x2da4af\x2d4e36af97b96a.swap: Succeeded.
Jan 10 11:05:05 rhel8 systemd[1]: dev-disk-by\x2did-dm\x2duuid\x2dLVM\x2d7llCuHFqPaeH67dyykr5F698hYZRUFOXLhw3hpGab2X2B4WS8mJhwdX6iqE3aiKm.swap: Succeeded.
Jan 10 11:05:05 rhel8 systemd-udevd[592]: Network interface NamePolicy= disabled on kernel command line, ignoring.
Jan 10 11:05:05 rhel8 systemd[1]: dev-disk-by\x2did-dm\x2dname\x2drhel_rhel8\x2dswap.swap: Succeeded.
Jan 10 11:05:05 rhel8 systemd[1]: dev-dm\x2d1.swap: Succeeded.
Jan 10 11:05:05 rhel8 systemd[1]: dev-mapper-rhel_rhel8\x2dswap.swap: Succeeded.
Sep  2 13:34:14 rhel8 kernel: Command line: BOOT_IMAGE=(hd0,msdos1)/vmlinuz-4.18.0-513.5.1.el8_9.x86_64 root=/dev/mapper/rhel_rhel8-root ro no_timer_check crashkernel=auto resume=/dev/mapper/rhel_rhel8-swap rd.lvm.lv=rhel_rhel8/root rd.lvm.lv=rhel_rhel8/swap biosdevname=0 net.ifnames=0 rhgb quiet
Sep  2 13:34:14 rhel8 kernel: x86/fpu: Supporting XSAVE feature 0x001: 'x87 floating point registers'
Sep  2 13:34:14 rhel8 kernel: x86/fpu: Supporting XSAVE feature 0x002: 'SSE registers'
Sep  2 13:34:14 rhel8 kernel: x86/fpu: Supporting XSAVE feature 0x004: 'AVX registers'
Sep  2 13:34:14 rhel8 kernel: x86/fpu: xstate_offset[2]:  576, xstate_sizes[2]:  256
Sep  2 13:34:14 rhel8 kernel: x86/fpu: Enabled xstate features 0x7, context size is 832 bytes, using 'standard' format.
Sep  2 13:34:14 rhel8 kernel: signal: max sigframe size: 1776
Sep  2 13:34:14 rhel8 kernel: BIOS-provided physical RAM map:
Sep  2 13:34:14 rhel8 kernel: BIOS-e820: [mem 0x0000000000000000-0x000000000009fbff] usable
Sep  2 13:34:14 rhel8 kernel: BIOS-e820: [mem 0x000000000009fc00-0x000000000009ffff] reserved
Sep  2 13:34:14 rhel8 kernel: BIOS-e820: [mem 0x00000000000f0000-0x00000000000fffff] reserved
Sep  2 13:34:14 rhel8 kernel: BIOS-e820: [mem 0x0000000000100000-0x000000007ffeffff] usable
Sep  2 13:34:14 rhel8 kernel: BIOS-e820: [mem 0x000000007fff0000-0x000000007fffffff] ACPI data
Sep  2 13:34:14 rhel8 kernel: BIOS-e820: [mem 0x00000000fec00000-0x00000000fec00fff] reserved
Sep  2 13:34:14 rhel8 kernel: BIOS-e820: [mem 0x00000000fee00000-0x00000000fee00fff] reserved
Sep  2 13:34:14 rhel8 kernel: BIOS-e820: [mem 0x00000000fffc0000-0x00000000ffffffff] reserved
Sep  2 13:34:14 rhel8 kernel: NX (Execute Disable) protection: active
Sep  2 13:34:14 rhel8 kernel: SMBIOS 2.5 present.
Sep  2 13:34:14 rhel8 kernel: DMI: innotek GmbH VirtualBox/VirtualBox, BIOS VirtualBox 12/01/2006
Sep  2 13:34:14 rhel8 kernel: Hypervisor detected: KVM
Sep  2 13:34:14 rhel8 kernel: kvm-clock: Using msrs 4b564d01 and 4b564d00
Sep  2 13:34:14 rhel8 kernel: kvm-clock: using sched offset of 5182469566 cycles
Sep  2 13:34:14 rhel8 kernel: clocksource: kvm-clock: mask: 0xffffffffffffffff max_cycles: 0x1cd42e4dffb, max_idle_ns: 881590591483 ns
Sep  2 13:34:14 rhel8 kernel: tsc: Detected 2803.196 MHz processor
Sep  2 13:34:14 rhel8 kernel: last_pfn = 0x7fff0 max_arch_pfn = 0x400000000
Sep  2 13:34:14 rhel8 kernel: x86/PAT: Configuration [0-7]: WB  WC  UC- UC  WB  WP  UC- WT  
Sep  2 13:34:14 rhel8 kernel: found SMP MP-table at [mem 0x0009fbf0-0x0009fbff]
Sep  2 13:34:14 rhel8 kernel: RAMDISK: [mem 0x346c9000-0x3635cfff]
Sep  2 13:34:14 rhel8 kernel: ACPI: Early table checksum verification disabled
Sep  2 13:34:14 rhel8 kernel: ACPI: RSDP 0x00000000000E0000 000024 (v02 VBOX  )
Sep  2 13:34:14 rhel8 kernel: ACPI: XSDT 0x000000007FFF0030 00003C (v01 VBOX   VBOXXSDT 00000001 ASL  00000061)
Sep  2 13:34:14 rhel8 kernel: ACPI: FACP 0x000000007FFF00F0 0000F4 (v04 VBOX   VBOXFACP 00000001 ASL  00000061)
Sep  2 13:34:14 rhel8 kernel: ACPI: DSDT 0x000000007FFF0610 002353 (v02 VBOX   VBOXBIOS 00000002 INTL 20100528)
Sep  2 13:34:14 rhel8 kernel: ACPI: FACS 0x000000007FFF0200 000040
Sep  2 13:34:14 rhel8 kernel: ACPI: FACS 0x000000007FFF0200 000040
Sep  2 13:34:14 rhel8 kernel: ACPI: APIC 0x000000007FFF0240 00005C (v02 VBOX   VBOXAPIC 00000001 ASL  00000061)
Sep  2 13:34:14 rhel8 kernel: ACPI: SSDT 0x000000007FFF02A0 00036C (v01 VBOX   VBOXCPUT 00000002 INTL 20100528)
Sep  2 13:34:14 rhel8 kernel: ACPI: Reserving FACP table memory at [mem 0x7fff00f0-0x7fff01e3]
Sep  2 13:34:14 rhel8 kernel: ACPI: Reserving DSDT table memory at [mem 0x7fff0610-0x7fff2962]
Sep  2 13:34:14 rhel8 kernel: ACPI: Reserving FACS table memory at [mem 0x7fff0200-0x7fff023f]
Sep  2 13:34:14 rhel8 kernel: ACPI: Reserving FACS table memory at [mem 0x7fff0200-0x7fff023f]
Sep  2 13:34:14 rhel8 kernel: ACPI: Reserving APIC table memory at [mem 0x7fff0240-0x7fff029b]
Sep  2 13:34:14 rhel8 kernel: ACPI: Reserving SSDT table memory at [mem 0x7fff02a0-0x7fff060b]
Sep  2 13:34:14 rhel8 kernel: No NUMA configuration found
Sep  2 13:34:14 rhel8 kernel: Faking a node at [mem 0x0000000000000000-0x000000007ffeffff]
Sep  2 13:34:14 rhel8 kernel: NODE_DATA(0) allocated [mem 0x7ffc5000-0x7ffeffff]
Sep  2 13:34:14 rhel8 kernel: Using crashkernel=auto, the size chosen is a best effort estimation.
Sep  2 13:34:14 rhel8 kernel: Reserving 192MB of memory at 1728MB for crashkernel (System RAM: 2047MB)
Sep  2 13:34:14 rhel8 kernel: Zone ranges:
Sep  2 13:34:14 rhel8 kernel:  DMA      [mem 0x0000000000001000-0x0000000000ffffff]
Sep  2 13:34:14 rhel8 kernel:  DMA32    [mem 0x0000000001000000-0x000000007ffeffff]
Sep  2 13:34:14 rhel8 kernel:  Normal   empty
Sep  2 13:34:14 rhel8 kernel:  Device   empty
Sep  2 13:34:14 rhel8 kernel: Movable zone start for each node
Sep  2 13:34:14 rhel8 kernel: Early memory node ranges
Sep  2 13:34:14 rhel8 kernel:  node   0: [mem 0x0000000000001000-0x000000000009efff]
Sep  2 13:34:14 rhel8 kernel:  node   0: [mem 0x0000000000100000-0x000000007ffeffff]
Sep  2 13:34:14 rhel8 kernel: Zeroed struct page in unavailable ranges: 114 pages
Sep  2 13:34:14 rhel8 kernel: Initmem setup node 0 [mem 0x0000000000001000-0x000000007ffeffff]
Sep  2 13:34:14 rhel8 kernel: ACPI: PM-Timer IO Port: 0x4008
Sep  2 13:34:14 rhel8 kernel: IOAPIC[0]: apic_id 2, version 32, address 0xfec00000, GSI 0-23
Sep  2 13:34:14 rhel8 kernel: ACPI: INT_SRC_OVR (bus 0 bus_irq 0 global_irq 2 dfl dfl)
Sep  2 13:34:14 rhel8 kernel: ACPI: INT_SRC_OVR (bus 0 bus_irq 9 global_irq 9 low level)
Sep  2 13:34:14 rhel8 kernel: Using ACPI (MADT) for SMP configuration information
Sep  2 13:34:14 rhel8 kernel: smpboot: Allowing 2 CPUs, 0 hotplug CPUs
Sep  2 13:34:14 rhel8 kernel: PM: Registered nosave memory: [mem 0x00000000-0x00000fff]
Sep  2 13:34:14 rhel8 kernel: PM: Registered nosave memory: [mem 0x0009f000-0x0009ffff]
Sep  2 13:34:14 rhel8 kernel: PM: Registered nosave memory: [mem 0x000a0000-0x000effff]
Sep  2 13:34:14 rhel8 kernel: PM: Registered nosave memory: [mem 0x000f0000-0x000fffff]
Sep  2 13:34:14 rhel8 kernel: [mem 0x80000000-0xfebfffff] available for PCI devices
Sep  2 13:34:14 rhel8 kernel: Booting paravirtualized kernel on KVM
Sep  2 13:34:14 rhel8 kernel: clocksource: refined-jiffies: mask: 0xffffffff max_cycles: 0xffffffff, max_idle_ns: 1910969940391419 ns
Sep  2 13:34:14 rhel8 kernel: setup_percpu: NR_CPUS:8192 nr_cpumask_bits:2 nr_cpu_ids:2 nr_node_ids:1
Sep  2 13:34:14 rhel8 kernel: percpu: Embedded 63 pages/cpu s221184 r8192 d28672 u1048576
Sep  2 13:34:14 rhel8 kernel: kvm-guest: PV spinlocks enabled
Sep  2 13:34:14 rhel8 kernel: PV qspinlock hash table entries: 256 (order: 0, 4096 bytes, linear)
Sep  2 13:34:14 rhel8 kernel: Built 1 zonelists, mobility grouping on.  Total pages: 515824
Sep  2 13:34:14 rhel8 kernel: Policy zone: DMA32
Sep  2 13:34:14 rhel8 kernel: Kernel command line: BOOT_IMAGE=(hd0,msdos1)/vmlinuz-4.18.0-513.5.1.el8_9.x86_64 root=/dev/mapper/rhel_rhel8-root ro no_timer_check crashkernel=auto resume=/dev/mapper/rhel_rhel8-swap rd.lvm.lv=rhel_rhel8/root rd.lvm.lv=rhel_rhel8/swap biosdevname=0 net.ifnames=0 rhgb quiet
Sep  2 13:34:14 rhel8 kernel: Specific versions of hardware are certified with Red Hat Enterprise Linux 8. Please see the list of hardware certified with Red Hat Enterprise Linux 8 at https://catalog.redhat.com.
Sep  2 13:34:14 rhel8 kernel: Memory: 261120K/2096696K available (14341K kernel code, 5952K rwdata, 8520K rodata, 2608K init, 26336K bss, 325616K reserved, 0K cma-reserved)
Sep  2 13:34:14 rhel8 kernel: SLUB: HWalign=64, Order=0-3, MinObjects=0, CPUs=2, Nodes=1
Sep  2 13:34:14 rhel8 kernel: Kernel/User page tables isolation: enabled
Sep  2 13:34:14 rhel8 kernel: ftrace: allocating 40940 entries in 160 pages
Sep  2 13:34:14 rhel8 kernel: ftrace: allocated 160 pages with 2 groups
Sep  2 13:34:14 rhel8 kernel: rcu: Hierarchical RCU implementation.
Sep  2 13:34:14 rhel8 kernel: rcu: #011RCU restricting CPUs from NR_CPUS=8192 to nr_cpu_ids=2.
Sep  2 13:34:14 rhel8 kernel: #011Rude variant of Tasks RCU enabled.
Sep  2 13:34:14 rhel8 kernel: #011Tracing variant of Tasks RCU enabled.
Sep  2 13:34:14 rhel8 kernel: rcu: RCU calculated value of scheduler-enlistment delay is 100 jiffies.
Sep  2 13:34:14 rhel8 kernel: rcu: Adjusting geometry for rcu_fanout_leaf=16, nr_cpu_ids=2
Sep  2 13:34:14 rhel8 kernel: NR_IRQS: 524544, nr_irqs: 440, preallocated irqs: 16
Sep  2 13:34:14 rhel8 kernel: random: crng done (trusting CPU's manufacturer)
Sep  2 13:34:14 rhel8 kernel: Console: colour VGA+ 80x25
Sep  2 13:34:14 rhel8 kernel: printk: console [tty0] enabled
Sep  2 13:34:14 rhel8 kernel: ACPI: Core revision 20220331
Sep  2 13:34:14 rhel8 kernel: APIC: Switch to symmetric I/O mode setup
Sep  2 13:34:14 rhel8 kernel: x2apic enabled
Sep  2 13:34:14 rhel8 kernel: Switched APIC routing to physical x2apic.
Sep  2 13:34:14 rhel8 kernel: ..TIMER: vector=0x30 apic1=0 pin1=2 apic2=-1 pin2=-1
Sep  2 13:34:14 rhel8 kernel: clocksource: tsc-early: mask: 0xffffffffffffffff max_cycles: 0x28680c0c25b, max_idle_ns: 440795263258 ns
Sep  2 13:34:14 rhel8 kernel: Calibrating delay loop (skipped) preset value.. 5606.39 BogoMIPS (lpj=2803196)
Sep  2 13:34:14 rhel8 kernel: pid_max: default: 32768 minimum: 301
Sep  2 13:34:14 rhel8 kernel: LSM: Security Framework initializing
Sep  2 13:34:14 rhel8 kernel: Yama: becoming mindful.
Sep  2 13:34:14 rhel8 kernel: SELinux:  Initializing.
Sep  2 13:34:14 rhel8 kernel: LSM support for eBPF active
Sep  2 13:34:14 rhel8 kernel: Dentry cache hash table entries: 262144 (order: 9, 2097152 bytes, vmalloc)
Sep  2 13:34:14 rhel8 kernel: Inode-cache hash table entries: 131072 (order: 8, 1048576 bytes, vmalloc)
Sep  2 13:34:14 rhel8 kernel: Mount-cache hash table entries: 4096 (order: 3, 32768 bytes, vmalloc)
Sep  2 13:34:14 rhel8 kernel: Mountpoint-cache hash table entries: 4096 (order: 3, 32768 bytes, vmalloc)
Sep  2 13:34:14 rhel8 kernel: Last level iTLB entries: 4KB 0, 2MB 0, 4MB 0
Sep  2 13:34:14 rhel8 kernel: Last level dTLB entries: 4KB 0, 2MB 0, 4MB 0, 1GB 0
Sep  2 13:34:14 rhel8 kernel: Spectre V1 : Mitigation: usercopy/swapgs barriers and __user pointer sanitization
Sep  2 13:34:14 rhel8 kernel: Spectre V2 : Mitigation: Retpolines
Sep  2 13:34:14 rhel8 kernel: Spectre V2 : Spectre v2 / SpectreRSB mitigation: Filling RSB on context switch
Sep  2 13:34:14 rhel8 kernel: Spectre V2 : Spectre v2 / SpectreRSB : Filling RSB on VMEXIT
Sep  2 13:34:14 rhel8 kernel: Speculative Store Bypass: Vulnerable
Sep  2 13:34:14 rhel8 kernel: MDS: Mitigation: Clear CPU buffers
Sep  2 13:34:14 rhel8 kernel: GDS: Unknown: Dependent on hypervisor status
Sep  2 13:34:14 rhel8 kernel: Freeing SMP alternatives memory: 36K
Sep  2 13:34:14 rhel8 kernel: APIC calibration not consistent with PM-Timer: 103ms instead of 100ms
Sep  2 13:34:14 rhel8 kernel: APIC delta adjusted to PM-Timer: 6364839 (6561499)
Sep  2 13:34:14 rhel8 kernel: smpboot: CPU0: 11th Gen Intel(R) Core(TM) i7-1165G7 @ 2.80GHz (family: 0x6, model: 0x8c, stepping: 0x1)
Sep  2 13:34:14 rhel8 kernel: Performance Events: unsupported p6 CPU model 140 no PMU driver, software events only.
Sep  2 13:34:14 rhel8 kernel: rcu: Hierarchical SRCU implementation.
Sep  2 13:34:14 rhel8 kernel: NMI watchdog: Perf NMI watchdog permanently disabled
Sep  2 13:34:14 rhel8 kernel: smp: Bringing up secondary CPUs ...
Sep  2 13:34:14 rhel8 kernel: x86: Booting SMP configuration:
Sep  2 13:34:14 rhel8 kernel: .... node  #0, CPUs:      #1
Sep  2 13:34:14 rhel8 kernel: smp: Brought up 1 node, 2 CPUs
Sep  2 13:34:14 rhel8 kernel: smpboot: Max logical packages: 1
Sep  2 13:34:14 rhel8 kernel: smpboot: Total of 2 processors activated (11212.78 BogoMIPS)
Sep  2 13:34:14 rhel8 kernel: node 0 deferred pages initialised in 16ms
Sep  2 13:34:14 rhel8 kernel: devtmpfs: initialized
Sep  2 13:34:14 rhel8 kernel: x86/mm: Memory block size: 128MB
Sep  2 13:34:14 rhel8 kernel: clocksource: jiffies: mask: 0xffffffff max_cycles: 0xffffffff, max_idle_ns: 1911260446275000 ns
Sep  2 13:34:14 rhel8 kernel: futex hash table entries: 512 (order: 3, 32768 bytes, vmalloc)
Sep  2 13:34:14 rhel8 kernel: pinctrl core: initialized pinctrl subsystem
Sep  2 13:34:14 rhel8 kernel: NET: Registered protocol family 16
Sep  2 13:34:14 rhel8 kernel: DMA: preallocated 256 KiB GFP_KERNEL pool for atomic allocations
Sep  2 13:34:14 rhel8 kernel: DMA: preallocated 256 KiB GFP_KERNEL|GFP_DMA pool for atomic allocations
Sep  2 13:34:14 rhel8 kernel: DMA: preallocated 256 KiB GFP_KERNEL|GFP_DMA32 pool for atomic allocations
Sep  2 13:34:14 rhel8 kernel: audit: initializing netlink subsys (disabled)
Sep  2 13:34:14 rhel8 kernel: audit: type=2000 audit(1756820060.678:1): state=initialized audit_enabled=0 res=1
Sep  2 13:34:14 rhel8 kernel: cpuidle: using governor menu
Sep  2 13:34:14 rhel8 kernel: acpiphp: ACPI Hot Plug PCI Controller Driver version: 0.5
Sep  2 13:34:14 rhel8 kernel: PCI: Using configuration type 1 for base access
Sep  2 13:34:14 rhel8 kernel: HugeTLB registered 2.00 MiB page size, pre-allocated 0 pages
Sep  2 13:34:14 rhel8 kernel: cryptd: max_cpu_qlen set to 1000
Sep  2 13:34:14 rhel8 kernel: ACPI: Added _OSI(Module Device)
Sep  2 13:34:14 rhel8 kernel: ACPI: Added _OSI(Processor Device)
Sep  2 13:34:14 rhel8 kernel: ACPI: Added _OSI(3.0 _SCP Extensions)
Sep  2 13:34:14 rhel8 kernel: ACPI: Added _OSI(Processor Aggregator Device)
Sep  2 13:34:14 rhel8 kernel: ACPI: Added _OSI(Linux-Dell-Video)
Sep  2 13:34:14 rhel8 kernel: ACPI: Added _OSI(Linux-Lenovo-NV-HDMI-Audio)
Sep  2 13:34:14 rhel8 kernel: ACPI: Added _OSI(Linux-HPI-Hybrid-Graphics)
Sep  2 13:34:14 rhel8 kernel: ACPI: 2 ACPI AML tables successfully acquired and loaded
Sep  2 13:34:14 rhel8 kernel: ACPI: Interpreter enabled
Sep  2 13:34:14 rhel8 kernel: ACPI: PM: (supports S0 S5)
Sep  2 13:34:14 rhel8 kernel: ACPI: Using IOAPIC for interrupt routing
Sep  2 13:34:14 rhel8 kernel: PCI: Using host bridge windows from ACPI; if necessary, use "pci=nocrs" and report a bug
Sep  2 13:34:14 rhel8 kernel: ACPI: Enabled 2 GPEs in block 00 to 07
Sep  2 13:34:14 rhel8 kernel: ACPI: PCI Root Bridge [PCI0] (domain 0000 [bus 00-ff])
Sep  2 13:34:14 rhel8 kernel: acpi PNP0A03:00: _OSC: OS supports [ASPM ClockPM Segments MSI EDR HPX-Type3]
Sep  2 13:34:14 rhel8 kernel: acpi PNP0A03:00: _OSC: not requesting OS control; OS requires [ExtendedConfig ASPM ClockPM MSI]
Sep  2 13:34:14 rhel8 kernel: acpi PNP0A03:00: fail to add MMCONFIG information, can't access extended PCI configuration space under this bridge.
Sep  2 13:34:14 rhel8 kernel: PCI host bridge to bus 0000:00
Sep  2 13:34:14 rhel8 kernel: pci_bus 0000:00: root bus resource [io  0x0000-0x0cf7 window]
Sep  2 13:34:14 rhel8 kernel: pci_bus 0000:00: root bus resource [io  0x0d00-0xffff window]
Sep  2 13:34:14 rhel8 kernel: pci_bus 0000:00: root bus resource [mem 0x000a0000-0x000bffff window]
Sep  2 13:34:14 rhel8 kernel: pci_bus 0000:00: root bus resource [mem 0x80000000-0xfdffffff window]
Sep  2 13:34:14 rhel8 kernel: pci_bus 0000:00: root bus resource [bus 00-ff]
Sep  2 13:34:14 rhel8 kernel: pci 0000:00:00.0: [8086:1237] type 00 class 0x060000
Sep  2 13:34:14 rhel8 kernel: pci 0000:00:01.0: [8086:7000] type 00 class 0x060100
Sep  2 13:34:14 rhel8 kernel: pci 0000:00:01.1: [8086:7111] type 00 class 0x01018a
Sep  2 13:34:14 rhel8 kernel: pci 0000:00:01.1: reg 0x20: [io  0xd000-0xd00f]
Sep  2 13:34:14 rhel8 kernel: pci 0000:00:01.1: legacy IDE quirk: reg 0x10: [io  0x01f0-0x01f7]
Sep  2 13:34:14 rhel8 kernel: pci 0000:00:01.1: legacy IDE quirk: reg 0x14: [io  0x03f6]
Sep  2 13:34:14 rhel8 kernel: pci 0000:00:01.1: legacy IDE quirk: reg 0x18: [io  0x0170-0x0177]
Sep  2 13:34:14 rhel8 kernel: pci 0000:00:01.1: legacy IDE quirk: reg 0x1c: [io  0x0376]
Sep  2 13:34:14 rhel8 kernel: pci 0000:00:02.0: [80ee:beef] type 00 class 0x030000
Sep  2 13:34:14 rhel8 kernel: pci 0000:00:02.0: reg 0x10: [mem 0xe0000000-0xefffffff pref]
Sep  2 13:34:14 rhel8 kernel: pci 0000:00:03.0: [8086:100e] type 00 class 0x020000
Sep  2 13:34:14 rhel8 kernel: pci 0000:00:03.0: reg 0x10: [mem 0xf0000000-0xf001ffff]
Sep  2 13:34:14 rhel8 kernel: pci 0000:00:03.0: reg 0x18: [io  0xd010-0xd017]
Sep  2 13:34:14 rhel8 kernel: pci 0000:00:04.0: [80ee:cafe] type 00 class 0x088000
Sep  2 13:34:14 rhel8 kernel: pci 0000:00:04.0: reg 0x10: [io  0xd020-0xd03f]
Sep  2 13:34:14 rhel8 kernel: pci 0000:00:04.0: reg 0x14: [mem 0xf0400000-0xf07fffff]
Sep  2 13:34:14 rhel8 kernel: pci 0000:00:04.0: reg 0x18: [mem 0xf0800000-0xf0803fff pref]
Sep  2 13:34:14 rhel8 kernel: pci 0000:00:07.0: [8086:7113] type 00 class 0x068000
Sep  2 13:34:14 rhel8 kernel: pci 0000:00:07.0: quirk: [io  0x4000-0x403f] claimed by PIIX4 ACPI
Sep  2 13:34:14 rhel8 kernel: pci 0000:00:07.0: quirk: [io  0x4100-0x410f] claimed by PIIX4 SMB
Sep  2 13:34:14 rhel8 kernel: pci 0000:00:0d.0: [8086:2829] type 00 class 0x010601
Sep  2 13:34:14 rhel8 kernel: pci 0000:00:0d.0: reg 0x10: [io  0xd040-0xd047]
Sep  2 13:34:14 rhel8 kernel: pci 0000:00:0d.0: reg 0x14: [io  0xd048-0xd04b]
Sep  2 13:34:14 rhel8 kernel: pci 0000:00:0d.0: reg 0x18: [io  0xd050-0xd057]
Sep  2 13:34:14 rhel8 kernel: pci 0000:00:0d.0: reg 0x1c: [io  0xd058-0xd05b]
Sep  2 13:34:14 rhel8 kernel: pci 0000:00:0d.0: reg 0x20: [io  0xd060-0xd06f]
Sep  2 13:34:14 rhel8 kernel: pci 0000:00:0d.0: reg 0x24: [mem 0xf0804000-0xf0805fff]
Sep  2 13:34:14 rhel8 kernel: ACPI: PCI: Interrupt link LNKA configured for IRQ 11
Sep  2 13:34:14 rhel8 kernel: ACPI: PCI: Interrupt link LNKB configured for IRQ 10
Sep  2 13:34:14 rhel8 kernel: ACPI: PCI: Interrupt link LNKC configured for IRQ 9
Sep  2 13:34:14 rhel8 kernel: ACPI: PCI: Interrupt link LNKD configured for IRQ 11
Sep  2 13:34:14 rhel8 kernel: iommu: Default domain type: Passthrough 
Sep  2 13:34:14 rhel8 kernel: SCSI subsystem initialized
Sep  2 13:34:14 rhel8 kernel: ACPI: bus type USB registered
Sep  2 13:34:14 rhel8 kernel: usbcore: registered new interface driver usbfs
Sep  2 13:34:14 rhel8 kernel: usbcore: registered new interface driver hub
Sep  2 13:34:14 rhel8 kernel: usbcore: registered new device driver usb
Sep  2 13:34:14 rhel8 kernel: pps_core: LinuxPPS API ver. 1 registered
Sep  2 13:34:14 rhel8 kernel: pps_core: Software ver. 5.3.6 - Copyright 2005-2007 Rodolfo Giometti <giometti@linux.it>
Sep  2 13:34:14 rhel8 kernel: PTP clock support registered
Sep  2 13:34:14 rhel8 kernel: EDAC MC: Ver: 3.0.0
Sep  2 13:34:14 rhel8 kernel: PCI: Using ACPI for IRQ routing
Sep  2 13:34:14 rhel8 kernel: NetLabel: Initializing
Sep  2 13:34:14 rhel8 kernel: NetLabel:  domain hash size = 128
Sep  2 13:34:14 rhel8 kernel: NetLabel:  protocols = UNLABELED CIPSOv4 CALIPSO
Sep  2 13:34:14 rhel8 kernel: NetLabel:  unlabeled traffic allowed by default
Sep  2 13:34:14 rhel8 kernel: pci 0000:00:02.0: vgaarb: setting as boot VGA device
Sep  2 13:34:14 rhel8 kernel: pci 0000:00:02.0: vgaarb: VGA device added: decodes=io+mem,owns=io+mem,locks=none
Sep  2 13:34:14 rhel8 kernel: pci 0000:00:02.0: vgaarb: bridge control possible
Sep  2 13:34:14 rhel8 kernel: vgaarb: loaded
Sep  2 13:34:14 rhel8 kernel: clocksource: Switched to clocksource kvm-clock
Sep  2 13:34:14 rhel8 kernel: VFS: Disk quotas dquot_6.6.0
Sep  2 13:34:14 rhel8 kernel: VFS: Dquot-cache hash table entries: 512 (order 0, 4096 bytes)
Sep  2 13:34:14 rhel8 kernel: pnp: PnP ACPI init
Sep  2 13:34:14 rhel8 kernel: pnp: PnP ACPI: found 2 devices
Sep  2 13:34:14 rhel8 kernel: clocksource: acpi_pm: mask: 0xffffff max_cycles: 0xffffff, max_idle_ns: 2085701024 ns
Sep  2 13:34:14 rhel8 kernel: pci_bus 0000:00: resource 4 [io  0x0000-0x0cf7 window]
Sep  2 13:34:14 rhel8 kernel: pci_bus 0000:00: resource 5 [io  0x0d00-0xffff window]
Sep  2 13:34:14 rhel8 kernel: pci_bus 0000:00: resource 6 [mem 0x000a0000-0x000bffff window]
Sep  2 13:34:14 rhel8 kernel: pci_bus 0000:00: resource 7 [mem 0x80000000-0xfdffffff window]
Sep  2 13:34:14 rhel8 kernel: NET: Registered protocol family 2
Sep  2 13:34:14 rhel8 kernel: IP idents hash table entries: 32768 (order: 6, 262144 bytes, vmalloc)
Sep  2 13:34:14 rhel8 kernel: tcp_listen_portaddr_hash hash table entries: 1024 (order: 2, 16384 bytes, vmalloc)
Sep  2 13:34:14 rhel8 kernel: TCP established hash table entries: 16384 (order: 5, 131072 bytes, vmalloc)
Sep  2 13:34:14 rhel8 kernel: TCP bind hash table entries: 16384 (order: 6, 262144 bytes, vmalloc)
Sep  2 13:34:14 rhel8 kernel: TCP: Hash tables configured (established 16384 bind 16384)
Sep  2 13:34:14 rhel8 kernel: MPTCP token hash table entries: 2048 (order: 3, 49152 bytes, vmalloc)
Sep  2 13:34:14 rhel8 kernel: UDP hash table entries: 1024 (order: 3, 32768 bytes, vmalloc)
Sep  2 13:34:14 rhel8 kernel: UDP-Lite hash table entries: 1024 (order: 3, 32768 bytes, vmalloc)
Sep  2 13:34:14 rhel8 kernel: NET: Registered protocol family 1
Sep  2 13:34:14 rhel8 kernel: NET: Registered protocol family 44
Sep  2 13:34:14 rhel8 kernel: pci 0000:00:00.0: Limiting direct PCI/PCI transfers
Sep  2 13:34:14 rhel8 kernel: pci 0000:00:01.0: Activating ISA DMA hang workarounds
Sep  2 13:34:14 rhel8 kernel: pci 0000:00:02.0: Video device with shadowed ROM at [mem 0x000c0000-0x000dffff]
Sep  2 13:34:14 rhel8 kernel: PCI: CLS 0 bytes, default 64
Sep  2 13:34:14 rhel8 kernel: Unpacking initramfs...
Sep  2 13:34:14 rhel8 kernel: Freeing initrd memory: 29264K
Sep  2 13:34:14 rhel8 kernel: ACPI: bus type thunderbolt registered
Sep  2 13:34:14 rhel8 kernel: clocksource: tsc: mask: 0xffffffffffffffff max_cycles: 0x28680c0c25b, max_idle_ns: 440795263258 ns
Sep  2 13:34:14 rhel8 kernel: clocksource: Switched to clocksource tsc
Sep  2 13:34:14 rhel8 kernel: platform rtc_cmos: registered platform RTC device (no PNP device found)
Sep  2 13:34:14 rhel8 kernel: Initialise system trusted keyrings
Sep  2 13:34:14 rhel8 kernel: Key type blacklist registered
Sep  2 13:34:14 rhel8 kernel: workingset: timestamp_bits=36 max_order=19 bucket_order=0
Sep  2 13:34:14 rhel8 kernel: zbud: loaded
Sep  2 13:34:14 rhel8 kernel: pstore: using deflate compression
Sep  2 13:34:14 rhel8 kernel: Platform Keyring initialized
Sep  2 13:34:14 rhel8 kernel: NET: Registered protocol family 38
Sep  2 13:34:14 rhel8 kernel: Key type asymmetric registered
Sep  2 13:34:14 rhel8 kernel: Asymmetric key parser 'x509' registered
Sep  2 13:34:14 rhel8 kernel: Running certificate verification selftests
Sep  2 13:34:14 rhel8 kernel: Loaded X.509 cert 'Certificate verification self-testing key: f58703bb33ce1b73ee02eccdee5b8817518fe3db'
Sep  2 13:34:14 rhel8 kernel: Block layer SCSI generic (bsg) driver version 0.4 loaded (major 247)
Sep  2 13:34:14 rhel8 kernel: io scheduler mq-deadline registered
Sep  2 13:34:14 rhel8 kernel: io scheduler kyber registered
Sep  2 13:34:14 rhel8 kernel: io scheduler bfq registered
Sep  2 13:34:14 rhel8 kernel: atomic64_test: passed for x86-64 platform with CX8 and with SSE
Sep  2 13:34:14 rhel8 kernel: shpchp: Standard Hot Plug PCI Controller Driver version: 0.4
Sep  2 13:34:14 rhel8 kernel: ACPI: AC Adapter [AC] (on-line)
Sep  2 13:34:14 rhel8 kernel: input: Power Button as /devices/LNXSYSTM:00/LNXPWRBN:00/input/input0
Sep  2 13:34:14 rhel8 kernel: ACPI: Power Button [PWRF]
Sep  2 13:34:14 rhel8 kernel: input: Sleep Button as /devices/LNXSYSTM:00/LNXSLPBN:00/input/input1
Sep  2 13:34:14 rhel8 kernel: ACPI: Sleep Button [SLPF]
Sep  2 13:34:14 rhel8 kernel: battery: ACPI: Battery Slot [BAT0] (battery present)
Sep  2 13:34:14 rhel8 kernel: Serial: 8250/16550 driver, 4 ports, IRQ sharing enabled
Sep  2 13:34:14 rhel8 kernel: Non-volatile memory driver v1.3
Sep  2 13:34:14 rhel8 kernel: rdac: device handler registered
Sep  2 13:34:14 rhel8 kernel: hp_sw: device handler registered
Sep  2 13:34:14 rhel8 kernel: emc: device handler registered
Sep  2 13:34:14 rhel8 kernel: alua: device handler registered
Sep  2 13:34:14 rhel8 kernel: libphy: Fixed MDIO Bus: probed
Sep  2 13:34:14 rhel8 kernel: usbcore: registered new interface driver usbserial_generic
Sep  2 13:34:14 rhel8 kernel: usbserial: USB Serial support registered for generic
Sep  2 13:34:14 rhel8 kernel: i8042: PNP: PS/2 Controller [PNP0303:PS2K,PNP0f03:PS2M] at 0x60,0x64 irq 1,12
Sep  2 13:34:14 rhel8 kernel: serio: i8042 KBD port at 0x60,0x64 irq 1
Sep  2 13:34:14 rhel8 kernel: serio: i8042 AUX port at 0x60,0x64 irq 12
Sep  2 13:34:14 rhel8 kernel: mousedev: PS/2 mouse device common for all mice
Sep  2 13:34:14 rhel8 kernel: input: AT Translated Set 2 keyboard as /devices/platform/i8042/serio0/input/input2
Sep  2 13:34:14 rhel8 kernel: rtc_cmos rtc_cmos: registered as rtc0
Sep  2 13:34:14 rhel8 kernel: rtc_cmos rtc_cmos: alarms up to one day, 114 bytes nvram
Sep  2 13:34:14 rhel8 kernel: intel_pstate: CPU model not supported
Sep  2 13:34:14 rhel8 kernel: hid: raw HID events driver (C) Jiri Kosina
Sep  2 13:34:14 rhel8 kernel: usbcore: registered new interface driver usbhid
Sep  2 13:34:14 rhel8 kernel: usbhid: USB HID core driver
Sep  2 13:34:14 rhel8 kernel: drop_monitor: Initializing network drop monitor service
Sep  2 13:34:14 rhel8 kernel: Initializing XFRM netlink socket
Sep  2 13:34:14 rhel8 kernel: NET: Registered protocol family 10
Sep  2 13:34:14 rhel8 kernel: Segment Routing with IPv6
Sep  2 13:34:14 rhel8 kernel: NET: Registered protocol family 17
Sep  2 13:34:14 rhel8 kernel: mpls_gso: MPLS GSO support
Sep  2 13:34:14 rhel8 kernel: AVX2 version of gcm_enc/dec engaged.
Sep  2 13:34:14 rhel8 kernel: AES CTR mode by8 optimization enabled
Sep  2 13:34:14 rhel8 kernel: sched_clock: Marking stable (1256099384, 0)->(1925086830, -668987446)
Sep  2 13:34:14 rhel8 kernel: registered taskstats version 1
Sep  2 13:34:14 rhel8 kernel: Loading compiled-in X.509 certificates
Sep  2 13:34:14 rhel8 kernel: Loaded X.509 cert 'Red Hat Enterprise Linux kernel signing key: 0a5ad02f8714155abef9c6e2bddf6726a11d6783'
Sep  2 13:34:14 rhel8 kernel: Loaded X.509 cert 'Red Hat Enterprise Linux Driver Update Program (key 3): bf57f3e87362bc7229d9f465321773dfd1f77a80'
Sep  2 13:34:14 rhel8 kernel: Loaded X.509 cert 'Red Hat Enterprise Linux kpatch signing key: 4d38fd864ebe18c5f0b72e3852e2014c3a676fc8'
Sep  2 13:34:14 rhel8 kernel: zswap: loaded using pool lzo/zbud
Sep  2 13:34:14 rhel8 kernel: page_owner is disabled
Sep  2 13:34:14 rhel8 kernel: Key type big_key registered
Sep  2 13:34:14 rhel8 kernel: Key type encrypted registered
Sep  2 13:34:14 rhel8 kernel: ima: No TPM chip found, activating TPM-bypass!
Sep  2 13:34:14 rhel8 kernel: ima: Allocated hash algorithm: sha256
Sep  2 13:34:14 rhel8 kernel: ima: No architecture policies found
Sep  2 13:34:14 rhel8 kernel: evm: Initialising EVM extended attributes:
Sep  2 13:34:14 rhel8 kernel: evm: security.selinux
Sep  2 13:34:14 rhel8 kernel: evm: security.ima
Sep  2 13:34:14 rhel8 kernel: evm: security.capability
Sep  2 13:34:14 rhel8 kernel: evm: HMAC attrs: 0x1
Sep  2 13:34:14 rhel8 kernel: rtc_cmos rtc_cmos: setting system clock to 2025-09-02 13:34:14 UTC (1756820054)
Sep  2 13:34:14 rhel8 kernel: input: ImExPS/2 Generic Explorer Mouse as /devices/platform/i8042/serio1/input/input4
Sep  2 13:34:14 rhel8 kernel: Freeing unused decrypted memory: 2036K
Sep  2 13:34:14 rhel8 kernel: Freeing unused kernel image (initmem) memory: 2608K
Sep  2 13:34:14 rhel8 kernel: Write protecting the kernel read-only data: 26624k
Sep  2 13:34:14 rhel8 kernel: Freeing unused kernel image (text/rodata gap) memory: 2012K
Sep  2 13:34:14 rhel8 kernel: Freeing unused kernel image (rodata/data gap) memory: 1720K
Sep  2 13:34:14 rhel8 systemd: systemd 239 (239-78.el8) running in system mode. (+PAM +AUDIT +SELINUX +IMA -APPARMOR +SMACK +SYSVINIT +UTMP +LIBCRYPTSETUP +GCRYPT +GNUTLS +ACL +XZ +LZ4 +SECCOMP +BLKID +ELFUTILS +KMOD +IDN2 -IDN +PCRE2 default-hierarchy=legacy)
Sep  2 13:34:14 rhel8 systemd: Detected virtualization oracle.
Sep  2 13:34:14 rhel8 systemd: Detected architecture x86-64.
Sep  2 13:34:14 rhel8 systemd: Running in initial RAM disk.
Sep  2 13:34:14 rhel8 systemd: Set hostname to <rhel8.localdomain>.
Sep  2 13:34:14 rhel8 systemd: Listening on udev Control Socket.
Sep  2 13:34:14 rhel8 systemd: Listening on udev Kernel Socket.
Sep  2 13:34:14 rhel8 systemd: Reached target Slices.
Sep  2 13:34:14 rhel8 systemd: Listening on Journal Socket (/dev/log).
Sep  2 13:34:14 rhel8 systemd: Reached target Swap.
Sep  2 13:34:14 rhel8 systemd-journald[220]: Journal started
Sep  2 13:34:14 rhel8 systemd-journald[220]: Runtime journal (/run/log/journal/0d19c15b9cbf4b92879e225dc380e1cb) is 8.0M, max 88.3M, 80.3M free.
Sep  2 13:34:14 rhel8 systemd[1]: Started Create Static Device Nodes in /dev.
Sep  2 13:34:14 rhel8 systemd[1]: memstrack.service: Succeeded.
Sep  2 13:34:15 rhel8 systemd[1]: systemd-vconsole-setup.service: Succeeded.
Sep  2 13:34:15 rhel8 systemd[1]: Started Setup Virtual Console.
Sep  2 13:34:15 rhel8 systemd[1]: Starting dracut cmdline hook...
Sep  2 13:34:15 rhel8 dracut-cmdline[245]: dracut-8.9 (Ootpa) dracut-049-228.git20230802.el8
Sep  2 13:34:15 rhel8 dracut-cmdline[245]: Using kernel command line parameters: BOOT_IMAGE=(hd0,msdos1)/vmlinuz-4.18.0-513.5.1.el8_9.x86_64 root=/dev/mapper/rhel_rhel8-root ro no_timer_check crashkernel=auto resume=/dev/mapper/rhel_rhel8-swap rd.lvm.lv=rhel_rhel8/root rd.lvm.lv=rhel_rhel8/swap biosdevname=0 net.ifnames=0 rhgb quiet
Sep  2 13:34:15 rhel8 systemd[1]: Started dracut cmdline hook.
Sep  2 13:34:15 rhel8 systemd[1]: Starting dracut pre-udev hook...
Sep  2 13:34:15 rhel8 kernel: device-mapper: uevent: version 1.0.3
Sep  2 13:34:15 rhel8 kernel: device-mapper: ioctl: 4.46.0-ioctl (2022-02-22) initialised: dm-devel@redhat.com
Sep  2 13:34:15 rhel8 systemd[1]: Started dracut pre-udev hook.
Sep  2 13:34:15 rhel8 systemd[1]: Starting udev Kernel Device Manager...
Sep  2 13:34:15 rhel8 systemd-udevd[342]: Network interface NamePolicy= disabled on kernel command line, ignoring.
Sep  2 13:34:15 rhel8 systemd[1]: Started udev Kernel Device Manager.
Sep  2 13:34:15 rhel8 systemd[1]: Starting udev Coldplug all Devices...
Sep  2 13:34:15 rhel8 systemd[1]: Mounting Kernel Configuration File System...
Sep  2 13:34:15 rhel8 systemd[1]: Mounted Kernel Configuration File System.
Sep  2 13:34:15 rhel8 systemd[1]: Started udev Coldplug all Devices.
Sep  2 13:34:15 rhel8 systemd[1]: Starting Show Plymouth Boot Screen...
Sep  2 13:34:15 rhel8 systemd[1]: Starting dracut initqueue hook...
Sep  2 13:34:15 rhel8 kernel: vboxguest: loading out-of-tree module taints kernel.
Sep  2 13:34:15 rhel8 kernel: vboxguest: module verification failed: signature and/or required key missing - tainting kernel
Sep  2 13:34:15 rhel8 kernel: e1000: Intel(R) PRO/1000 Network Driver - version 7.3.21-k8-NAPI
Sep  2 13:34:15 rhel8 kernel: e1000: Copyright (c) 1999-2006 Intel Corporation.
Sep  2 13:34:15 rhel8 kernel: Warning: Unmaintained hardware is detected:  e1000:100E:8086 @ 0000:00:03.0
Sep  2 13:34:15 rhel8 kernel: vgdrvHeartbeatInit: Setting up heartbeat to trigger every 2000 milliseconds
Sep  2 13:34:15 rhel8 kernel: input: Unspecified device as /devices/pci0000:00/0000:00:04.0/input/input5
Sep  2 13:34:15 rhel8 systemd-udevd[372]: link_config: autonegotiation is unset or enabled, the speed and duplex are not writable.
Sep  2 13:34:15 rhel8 kernel: vboxguest: Successfully loaded version 6.1.30 r148432
Sep  2 13:34:15 rhel8 kernel: vboxguest: misc device minor 61, IRQ 20, I/O port d020, MMIO at 00000000f0400000 (size 0x400000)
Sep  2 13:34:15 rhel8 systemd[1]: Received SIGRTMIN+20 from PID 383 (plymouthd).
Sep  2 13:34:15 rhel8 kernel: ahci 0000:00:0d.0: SSS flag set, parallel bus scan disabled
Sep  2 13:34:15 rhel8 kernel: ahci 0000:00:0d.0: AHCI 0001.0100 32 slots 1 ports 3 Gbps 0x1 impl SATA mode
Sep  2 13:34:15 rhel8 kernel: ahci 0000:00:0d.0: flags: 64bit ncq stag only ccc 
Sep  2 13:34:15 rhel8 kernel: scsi host0: ahci
Sep  2 13:34:15 rhel8 kernel: ata1: SATA max UDMA/133 abar m8192@0xf0804000 port 0xf0804100 irq 21
Sep  2 13:34:15 rhel8 systemd[1]: Started Show Plymouth Boot Screen.
Sep  2 13:34:15 rhel8 systemd[1]: Started Forward Password Requests to Plymouth Directory Watch.
Sep  2 13:34:15 rhel8 systemd[1]: Reached target Paths.
Sep  2 13:34:15 rhel8 kernel: scsi host1: ata_piix
Sep  2 13:34:15 rhel8 kernel: scsi host2: ata_piix
Sep  2 13:34:15 rhel8 kernel: ata2: PATA max UDMA/33 cmd 0x1f0 ctl 0x3f6 bmdma 0xd000 irq 14
Sep  2 13:34:15 rhel8 kernel: ata3: PATA max UDMA/33 cmd 0x170 ctl 0x376 bmdma 0xd008 irq 15
Sep  2 13:34:15 rhel8 kernel: ACPI: bus type drm_connector registered
Sep  2 13:34:15 rhel8 kernel: vboxvideo 0000:00:02.0: vgaarb: deactivate vga console
Sep  2 13:34:15 rhel8 kernel: Console: switching to colour dummy device 80x25
Sep  2 13:34:15 rhel8 kernel: [drm] VRAM 10000000
Sep  2 13:34:15 rhel8 kernel: [drm] Initialized vboxvideo 1.0.0 20130823 for 0000:00:02.0 on minor 0
Sep  2 13:34:15 rhel8 kernel: fbcon: vboxvideodrmfb (fb0) is primary device
Sep  2 13:34:15 rhel8 kernel: vboxvideo 0000:00:02.0: [drm] drm_plane_enable_fb_damage_clips() not called
Sep  2 13:34:15 rhel8 kernel: Console: switching to colour frame buffer device 128x48
Sep  2 13:34:15 rhel8 kernel: vboxvideo 0000:00:02.0: [drm] fb0: vboxvideodrmfb frame buffer device
Sep  2 13:34:15 rhel8 kernel: ata1: SATA link up 3.0 Gbps (SStatus 123 SControl 300)
Sep  2 13:34:15 rhel8 kernel: ata1.00: ATA-6: VBOX HARDDISK, 1.0, max UDMA/133
Sep  2 13:34:15 rhel8 kernel: ata1.00: 268435456 sectors, multi 128: LBA48 NCQ (depth 32)
Sep  2 13:34:15 rhel8 kernel: ata1.00: configured for UDMA/133
Sep  2 13:34:15 rhel8 kernel: scsi 0:0:0:0: Direct-Access     ATA      VBOX HARDDISK    1.0  PQ: 0 ANSI: 5
Sep  2 13:34:15 rhel8 kernel: scsi 0:0:0:0: Attached scsi generic sg0 type 0
Sep  2 13:34:15 rhel8 kernel: sd 0:0:0:0: [sda] 268435456 512-byte logical blocks: (137 GB/128 GiB)
Sep  2 13:34:15 rhel8 kernel: sd 0:0:0:0: [sda] Write Protect is off
Sep  2 13:34:15 rhel8 kernel: sd 0:0:0:0: [sda] Write cache: enabled, read cache: enabled, doesn't support DPO or FUA
Sep  2 13:34:15 rhel8 kernel: sda: sda1 sda2
Sep  2 13:34:15 rhel8 kernel: sd 0:0:0:0: [sda] Attached SCSI disk
Sep  2 13:34:16 rhel8 kernel: e1000 0000:00:03.0 eth0: (PCI:33MHz:32-bit) 08:00:27:06:c1:d2
Sep  2 13:34:16 rhel8 kernel: e1000 0000:00:03.0 eth0: Intel(R) PRO/1000 Network Connection
Sep  2 13:34:16 rhel8 systemd-udevd[372]: Using default interface naming scheme 'rhel-8.0'.
Sep  2 13:34:16 rhel8 systemd-udevd[372]: link_config: autonegotiation is unset or enabled, the speed and duplex are not writable.
Sep  2 13:34:16 rhel8 dracut-initqueue[447]: Scanning devices sda2  for LVM logical volumes rhel_rhel8/root rhel_rhel8/swap
Sep  2 13:34:16 rhel8 dracut-initqueue[472]: inactive '/dev/rhel_rhel8/swap' [<2.04 GiB] inherit
Sep  2 13:34:16 rhel8 dracut-initqueue[472]: inactive '/dev/rhel_rhel8/root' [70.00 GiB] inherit
Sep  2 13:34:16 rhel8 systemd[1]: Found device /dev/mapper/rhel_rhel8-root.
Sep  2 13:34:16 rhel8 systemd[1]: Reached target Initrd Root Device.
Sep  2 13:34:16 rhel8 systemd[1]: Found device /dev/mapper/rhel_rhel8-swap.
Sep  2 13:34:16 rhel8 systemd[1]: Starting Resume from hibernation using device /dev/mapper/rhel_rhel8-swap...
Sep  2 13:34:16 rhel8 systemd-hibernate-resume[491]: Could not resume from '/dev/mapper/rhel_rhel8-swap' (253:1).
Sep  2 13:34:16 rhel8 systemd[1]: systemd-hibernate-resume@dev-mapper-rhel_rhel8\x2dswap.service: Succeeded.
Sep  2 13:34:16 rhel8 systemd[1]: Started Resume from hibernation using device /dev/mapper/rhel_rhel8-swap.
Sep  2 13:34:16 rhel8 systemd[1]: Reached target Local File Systems (Pre).
Sep  2 13:34:16 rhel8 systemd[1]: Reached target Local File Systems.
Sep  2 13:34:16 rhel8 systemd[1]: Starting Create Volatile Files and Directories...
Sep  2 13:34:16 rhel8 systemd[1]: Started Create Volatile Files and Directories.
Sep  2 13:34:16 rhel8 systemd[1]: Reached target System Initialization.
Sep  2 13:34:16 rhel8 systemd[1]: Reached target Basic System.
Sep  2 13:34:16 rhel8 systemd[1]: Started dracut initqueue hook.
Sep  2 13:34:16 rhel8 systemd[1]: Starting File System Check on /dev/mapper/rhel_rhel8-root...
Sep  2 13:34:16 rhel8 systemd[1]: Reached target Remote File Systems (Pre).
Sep  2 13:34:16 rhel8 systemd[1]: Reached target Remote File Systems.
Sep  2 13:34:16 rhel8 systemd-fsck[504]: /usr/sbin/fsck.xfs: XFS file system.
Sep  2 13:34:16 rhel8 systemd[1]: Started File System Check on /dev/mapper/rhel_rhel8-root.
Sep  2 13:34:16 rhel8 systemd[1]: Mounting /sysroot...
Sep  2 13:34:16 rhel8 kernel: SGI XFS with ACLs, security attributes, quota, no debug enabled
Sep  2 13:34:16 rhel8 kernel: XFS (dm-0): Mounting V5 Filesystem
Sep  2 13:34:16 rhel8 kernel: XFS (dm-0): Ending clean mount
Sep  2 13:34:16 rhel8 systemd[1]: Mounted /sysroot.
Sep  2 13:34:16 rhel8 systemd[1]: Reached target Initrd Root File System.
Sep  2 13:34:16 rhel8 systemd[1]: Starting Reload Configuration from the Real Root...
Sep  2 13:34:16 rhel8 systemd[1]: Reloading.
Sep  2 13:34:16 rhel8 systemd[1]: initrd-parse-etc.service: Succeeded.
Sep  2 13:34:16 rhel8 systemd[1]: Started Reload Configuration from the Real Root.
Sep  2 13:34:16 rhel8 systemd[1]: Reached target Initrd File Systems.
Sep  2 13:34:16 rhel8 systemd[1]: Reached target Initrd Default Target.
Sep  2 13:34:16 rhel8 systemd[1]: Starting dracut pre-pivot and cleanup hook...
Sep  2 13:34:16 rhel8 systemd[1]: Started dracut pre-pivot and cleanup hook.
Sep  2 13:34:16 rhel8 systemd[1]: Starting Cleaning Up and Shutting Down Daemons...
Sep  2 13:34:16 rhel8 systemd[1]: Starting Plymouth switch root service...
Sep  2 13:34:16 rhel8 systemd[1]: Starting Setup Virtual Console...
Sep  2 13:34:16 rhel8 systemd[1]: dracut-pre-pivot.service: Succeeded.
Sep  2 13:34:16 rhel8 systemd[1]: Stopped dracut pre-pivot and cleanup hook.
Sep  2 13:34:16 rhel8 systemd[1]: Stopped target Initrd Default Target.
Sep  2 13:34:16 rhel8 systemd[1]: Stopped target Basic System.
Sep  2 13:34:16 rhel8 systemd[1]: Stopped target Paths.
Sep  2 13:34:16 rhel8 systemd[1]: Stopped target System Initialization.
Sep  2 13:34:16 rhel8 systemd[1]: systemd-sysctl.service: Succeeded.
Sep  2 13:34:16 rhel8 systemd[1]: Stopped Apply Kernel Variables.
Sep  2 13:34:16 rhel8 systemd[1]: Stopped target Swap.
Sep  2 13:34:16 rhel8 systemd[1]: Stopping udev Kernel Device Manager...
Sep  2 13:34:16 rhel8 systemd[1]: systemd-tmpfiles-setup.service: Succeeded.
Sep  2 13:34:16 rhel8 systemd[1]: Stopped Create Volatile Files and Directories.
Sep  2 13:34:16 rhel8 systemd[1]: Stopped target Local File Systems.
Sep  2 13:34:16 rhel8 systemd[1]: Stopped target Local File Systems (Pre).
Sep  2 13:34:16 rhel8 systemd[1]: Stopped target Sockets.
Sep  2 13:34:16 rhel8 systemd[1]: Stopped target Slices.
Sep  2 13:34:16 rhel8 systemd[1]: Stopped target Initrd Root Device.
Sep  2 13:34:16 rhel8 systemd[1]: Stopped target Timers.
Sep  2 13:34:16 rhel8 systemd[1]: Stopped target Remote File Systems.
Sep  2 13:34:16 rhel8 systemd[1]: Stopped target Remote File Systems (Pre).
Sep  2 13:34:16 rhel8 systemd[1]: dracut-initqueue.service: Succeeded.
Sep  2 13:34:16 rhel8 systemd[1]: Stopped dracut initqueue hook.
Sep  2 13:34:16 rhel8 systemd[1]: systemd-udev-trigger.service: Succeeded.
Sep  2 13:34:16 rhel8 systemd[1]: Stopped udev Coldplug all Devices.
Sep  2 13:34:16 rhel8 systemd[1]: systemd-udevd.service: Succeeded.
Sep  2 13:34:16 rhel8 systemd[1]: Stopped udev Kernel Device Manager.
Sep  2 13:34:16 rhel8 systemd[1]: systemd-tmpfiles-setup-dev.service: Succeeded.
Sep  2 13:34:16 rhel8 systemd[1]: Stopped Create Static Device Nodes in /dev.
Sep  2 13:34:16 rhel8 systemd[1]: kmod-static-nodes.service: Succeeded.
Sep  2 13:34:16 rhel8 systemd[1]: Stopped Create list of required static device nodes for the current kernel.
Sep  2 13:34:16 rhel8 systemd[1]: dracut-pre-udev.service: Succeeded.
Sep  2 13:34:16 rhel8 systemd[1]: Stopped dracut pre-udev hook.
Sep  2 13:34:16 rhel8 systemd[1]: dracut-cmdline.service: Succeeded.
Sep  2 13:34:16 rhel8 systemd[1]: Stopped dracut cmdline hook.
Sep  2 13:34:16 rhel8 systemd[1]: systemd-udevd-control.socket: Succeeded.
Sep  2 13:34:16 rhel8 systemd[1]: Closed udev Control Socket.
Sep  2 13:34:16 rhel8 systemd[1]: systemd-udevd-kernel.socket: Succeeded.
Sep  2 13:34:16 rhel8 systemd[1]: Closed udev Kernel Socket.
Sep  2 13:34:16 rhel8 systemd[1]: Starting Cleanup udevd DB...
Sep  2 13:34:16 rhel8 systemd[1]: initrd-cleanup.service: Succeeded.
Sep  2 13:34:16 rhel8 systemd[1]: Started Cleaning Up and Shutting Down Daemons.
Sep  2 13:34:16 rhel8 systemd[1]: Started Plymouth switch root service.
Sep  2 13:34:16 rhel8 systemd[1]: initrd-udevadm-cleanup-db.service: Succeeded.
Sep  2 13:34:16 rhel8 systemd[1]: Started Cleanup udevd DB.
Sep  2 13:34:16 rhel8 systemd[1]: systemd-vconsole-setup.service: Succeeded.
Sep  2 13:34:16 rhel8 systemd[1]: Started Setup Virtual Console.
Sep  2 13:34:16 rhel8 systemd[1]: Reached target Switch Root.
Sep  2 13:34:16 rhel8 systemd[1]: Starting Switch Root...
Sep  2 13:34:16 rhel8 systemd[1]: Switching root.
Sep  2 13:34:16 rhel8 systemd-journald[220]: Journal stopped
Sep  2 13:34:19 rhel8 kernel: printk: systemd: 13 output lines suppressed due to ratelimiting
Sep  2 13:34:19 rhel8 kernel: audit: type=1404 audit(1756820057.104:2): enforcing=1 old_enforcing=0 auid=4294967295 ses=4294967295 enabled=1 old-enabled=1 lsm=selinux res=1
Sep  2 13:34:19 rhel8 kernel: SELinux:  policy capability network_peer_controls=1
Sep  2 13:34:19 rhel8 kernel: SELinux:  policy capability open_perms=1
Sep  2 13:34:19 rhel8 kernel: SELinux:  policy capability extended_socket_class=1
Sep  2 13:34:19 rhel8 kernel: SELinux:  policy capability always_check_network=0
Sep  2 13:34:19 rhel8 kernel: SELinux:  policy capability cgroup_seclabel=1
Sep  2 13:34:19 rhel8 kernel: SELinux:  policy capability nnp_nosuid_transition=1
Sep  2 13:34:19 rhel8 kernel: audit: type=1403 audit(1756820059.249:3): auid=4294967295 ses=4294967295 lsm=selinux res=1
Sep  2 13:34:19 rhel8 systemd: Successfully loaded SELinux policy in 2.149946s.
Sep  2 13:34:19 rhel8 systemd: RTC configured in localtime, applying delta of 0 minutes to system time.
Sep  2 13:34:19 rhel8 systemd: Relabelled /dev, /run and /sys/fs/cgroup in 30.207ms.
Sep  2 13:34:19 rhel8 systemd: systemd 239 (239-78.el8) running in system mode. (+PAM +AUDIT +SELINUX +IMA -APPARMOR +SMACK +SYSVINIT +UTMP +LIBCRYPTSETUP +GCRYPT +GNUTLS +ACL +XZ +LZ4 +SECCOMP +BLKID +ELFUTILS +KMOD +IDN2 -IDN +PCRE2 default-hierarchy=legacy)
Sep  2 13:34:19 rhel8 systemd: Detected virtualization oracle.
Sep  2 13:34:19 rhel8 systemd: Detected architecture x86-64.
Sep  2 13:34:19 rhel8 systemd: Set hostname to <rhel8.localdomain>.
Sep  2 13:34:19 rhel8 systemd: Initializing machine ID from random generator.
Sep  2 13:34:19 rhel8 systemd: Installed transient /etc/machine-id file.
Sep  2 13:34:19 rhel8 systemd: initrd-switch-root.service: Succeeded.
Sep  2 13:34:19 rhel8 systemd: Stopped Switch Root.
Sep  2 13:34:19 rhel8 systemd: systemd-journald.service: Service has no hold-off time (RestartSec=0), scheduling restart.
Sep  2 13:34:19 rhel8 systemd: systemd-journald.service: Scheduled restart job, restart counter is at 1.
Sep  2 13:34:19 rhel8 kernel: Adding 2138108k swap on /dev/mapper/rhel_rhel8-swap.  Priority:-2 extents:1 across:2138108k FS
Sep  2 13:34:19 rhel8 kernel: XFS (sda1): Mounting V5 Filesystem
Sep  2 13:34:19 rhel8 systemd-journald[645]: Journal started
Sep  2 13:34:19 rhel8 systemd-journald[645]: Runtime journal (/run/log/journal/415b7b0f8ccb4ea299164d7db22e508a) is 8.0M, max 88.3M, 80.3M free.
Sep  2 13:34:19 rhel8 systemd[1]: systemd-journald.service: Succeeded.
Sep  2 13:34:19 rhel8 systemd[1]: Starting Flush Journal to Persistent Storage...
Sep  2 13:34:19 rhel8 lvm[616]:  2 logical volume(s) in volume group "rhel_rhel8" monitored
Sep  2 13:34:19 rhel8 systemd[1]: systemd-vconsole-setup.service: Succeeded.
Sep  2 13:34:19 rhel8 systemd[1]: Started Setup Virtual Console.
Sep  2 13:34:19 rhel8 haveged[644]: haveged: command socket is listening at fd 3
Sep  2 13:34:19 rhel8 systemd-journald[645]: Runtime journal (/run/log/journal/415b7b0f8ccb4ea299164d7db22e508a) is 8.0M, max 88.3M, 80.3M free.
Sep  2 13:34:19 rhel8 systemd[1]: Started Flush Journal to Persistent Storage.
Sep  2 13:34:19 rhel8 systemd-udevd[643]: Network interface NamePolicy= disabled on kernel command line, ignoring.
Sep  2 13:34:19 rhel8 systemd[1]: Started udev Kernel Device Manager.
Sep  2 13:34:20 rhel8 kernel: XFS (sda1): Ending clean mount
Sep  2 13:34:20 rhel8 systemd[1]: Mounted /boot.
Sep  2 13:34:20 rhel8 systemd[1]: Reached target Local File Systems.
Sep  2 13:34:20 rhel8 systemd[1]: Starting Commit a transient machine-id on disk...
Sep  2 13:34:20 rhel8 systemd[1]: Starting Tell Plymouth To Write Out Runtime Data...
Sep  2 13:34:20 rhel8 systemd[1]: Starting Import network configuration from initramfs...
Sep  2 13:34:20 rhel8 systemd[1]: Received SIGRTMIN+20 from PID 383 (plymouthd).
Sep  2 13:34:20 rhel8 systemd[1]: Started Tell Plymouth To Write Out Runtime Data.
Sep  2 13:34:20 rhel8 systemd[1]: etc-machine\x2did.mount: Succeeded.
Sep  2 13:34:20 rhel8 systemd[1]: Started Commit a transient machine-id on disk.
Sep  2 13:34:20 rhel8 kernel: ACPI: Video Device [GFX0] (multi-head: yes  rom: no  post: no)
Sep  2 13:34:20 rhel8 kernel: input: Video Bus as /devices/LNXSYSTM:00/LNXSYBUS:00/PNP0A03:00/LNXVIDEO:00/input/input6
Sep  2 13:34:20 rhel8 kernel: input: PC Speaker as /devices/platform/pcspkr/input/input7
Sep  2 13:34:20 rhel8 systemd[1]: Started Import network configuration from initramfs.
Sep  2 13:34:20 rhel8 systemd[1]: Starting Create Volatile Files and Directories...
Sep  2 13:34:20 rhel8 systemd[1]: Started Create Volatile Files and Directories.
Sep  2 13:34:20 rhel8 systemd[1]: Starting Security Auditing Service...
Sep  2 13:34:20 rhel8 kernel: piix4_smbus 0000:00:07.0: SMBus Host Controller at 0x4100, revision 0
Sep  2 13:34:20 rhel8 haveged[644]: haveged: ver: 1.9.14; arch: x86; vend: GenuineIntel; build: (gcc 8.3.1 ITV); collect: 128K
Sep  2 13:34:20 rhel8 haveged[644]: haveged: cpu: (L4 VC); data: 48K (L4 V); inst: 32K (L4 V); idx: 24/40; sz: 31434/52909
Sep  2 13:34:20 rhel8 haveged[644]: haveged: tot tests(BA8): A:1/1 B:1/1 continuous tests(B):  last entropy estimate 7.99764
Sep  2 13:34:20 rhel8 haveged[644]: haveged: fills: 0, generated: 0
Sep  2 13:34:20 rhel8 auditd[693]: No plugins found, not dispatching events
Sep  2 13:34:20 rhel8 auditd[693]: Init complete, auditd 3.0.7 listening for events (startup state enable)
Sep  2 13:34:20 rhel8 systemd-udevd[663]: link_config: autonegotiation is unset or enabled, the speed and duplex are not writable.
Sep  2 13:34:20 rhel8 systemd-udevd[666]: Using default interface naming scheme 'rhel-8.0'.
Sep  2 13:34:20 rhel8 systemd-udevd[666]: link_config: autonegotiation is unset or enabled, the speed and duplex are not writable.
Sep  2 13:34:20 rhel8 augenrules[697]: /sbin/augenrules: No change
Sep  2 13:34:20 rhel8 augenrules[720]: No rules
Sep  2 13:34:20 rhel8 augenrules[720]: enabled 1
Sep  2 13:34:20 rhel8 augenrules[720]: failure 1
Sep  2 13:34:20 rhel8 augenrules[720]: pid 693
Sep  2 13:34:20 rhel8 augenrules[720]: rate_limit 0
Sep  2 13:34:20 rhel8 augenrules[720]: backlog_limit 8192
Sep  2 13:34:20 rhel8 augenrules[720]: lost 0
Sep  2 13:34:20 rhel8 augenrules[720]: backlog 0
Sep  2 13:34:20 rhel8 augenrules[720]: backlog_wait_time 60000
Sep  2 13:34:20 rhel8 augenrules[720]: backlog_wait_time_actual 0
Sep  2 13:34:20 rhel8 augenrules[720]: enabled 1
Sep  2 13:34:20 rhel8 augenrules[720]: failure 1
Sep  2 13:34:20 rhel8 augenrules[720]: pid 693
Sep  2 13:34:20 rhel8 augenrules[720]: rate_limit 0
Sep  2 13:34:20 rhel8 augenrules[720]: backlog_limit 8192
Sep  2 13:34:20 rhel8 augenrules[720]: lost 0
Sep  2 13:34:20 rhel8 augenrules[720]: backlog 0
Sep  2 13:34:20 rhel8 augenrules[720]: backlog_wait_time 60000
Sep  2 13:34:20 rhel8 augenrules[720]: backlog_wait_time_actual 0
Sep  2 13:34:20 rhel8 augenrules[720]: enabled 1
Sep  2 13:34:20 rhel8 augenrules[720]: failure 1
Sep  2 13:34:20 rhel8 augenrules[720]: pid 693
Sep  2 13:34:20 rhel8 augenrules[720]: rate_limit 0
Sep  2 13:34:20 rhel8 augenrules[720]: backlog_limit 8192
Sep  2 13:34:20 rhel8 augenrules[720]: lost 0
Sep  2 13:34:20 rhel8 augenrules[720]: backlog 3
Sep  2 13:34:20 rhel8 augenrules[720]: backlog_wait_time 60000
Sep  2 13:34:20 rhel8 augenrules[720]: backlog_wait_time_actual 0
Sep  2 13:34:20 rhel8 systemd[1]: Started Security Auditing Service.
Sep  2 13:34:20 rhel8 systemd[1]: Starting Update UTMP about System Boot/Shutdown...
Sep  2 13:34:20 rhel8 systemd[1]: Started Update UTMP about System Boot/Shutdown.
Sep  2 13:34:20 rhel8 systemd[1]: Reached target System Initialization.
Sep  2 13:34:20 rhel8 systemd[1]: Listening on D-Bus System Message Bus Socket.
Sep  2 13:34:20 rhel8 systemd[1]: Started Updates mlocate database every hour.
Sep  2 13:34:20 rhel8 systemd[1]: Started dnf makecache --timer.
Sep  2 13:34:20 rhel8 systemd[1]: Started Daily Cleanup of Temporary Directories.
Sep  2 13:34:20 rhel8 systemd[1]: Started daily update of the root trust anchor for DNSSEC.
Sep  2 13:34:20 rhel8 systemd[1]: Started Run system activity accounting tool every 10 minutes.
Sep  2 13:34:20 rhel8 systemd[1]: Started Generate summary of yesterday's process accounting.
Sep  2 13:34:20 rhel8 systemd[1]: Reached target Timers.
Sep  2 13:34:20 rhel8 systemd[1]: Listening on SSSD Kerberos Cache Manager responder socket.
Sep  2 13:34:20 rhel8 systemd[1]: Reached target Sockets.
Sep  2 13:34:20 rhel8 systemd[1]: Reached target Basic System.
Sep  2 13:34:20 rhel8 systemd[1]: Starting OpenSSH ed25519 Server Key Generation...
Sep  2 13:34:20 rhel8 systemd[1]: Started irqbalance daemon.
Sep  2 13:34:20 rhel8 systemd[1]: Starting vboxadd.service...
Sep  2 13:34:20 rhel8 systemd[1]: Starting OpenSSH rsa Server Key Generation...
Sep  2 13:34:20 rhel8 systemd[1]: Reached target User and Group Name Lookups.
Sep  2 13:34:20 rhel8 systemd[1]: Starting NTP client/server...
Sep  2 13:34:20 rhel8 systemd[1]: Started D-Bus System Message Bus.
Sep  2 13:34:20 rhel8 systemd[1]: Starting Restore /run/initramfs on shutdown...
Sep  2 13:34:20 rhel8 systemd[1]: Starting OpenSSH ecdsa Server Key Generation...
Sep  2 13:34:20 rhel8 systemd[1]: Starting Login Service...
Sep  2 13:34:20 rhel8 systemd[1]: Starting firewalld - dynamic firewall daemon...
Sep  2 13:34:20 rhel8 systemd[1]: Starting Resets System Activity Logs...
Sep  2 13:34:20 rhel8 systemd[1]: Started Restore /run/initramfs on shutdown.
Sep  2 13:34:20 rhel8 systemd[1]: Starting update of the root trust anchor for DNSSEC validation in unbound...
Sep  2 13:34:20 rhel8 systemd[1]: Started Update a database for mlocate.
Sep  2 13:34:20 rhel8 chronyd[767]: chronyd version 4.2 starting (+CMDMON +NTP +REFCLOCK +RTC +PRIVDROP +SCFILTER +SIGND +ASYNCDNS +NTS +SECHASH +IPV6 +DEBUG)
Sep  2 13:34:20 rhel8 chronyd[767]: Frequency 0.420 +/- 0.426 ppm read from /var/lib/chrony/drift
Sep  2 13:34:20 rhel8 chronyd[767]: Using right/UTC timezone to obtain leap second data
Sep  2 13:34:20 rhel8 systemd[1]: Started Resets System Activity Logs.
Sep  2 13:34:20 rhel8 systemd[1]: Condition check resulted in VBOX_HARDDISK 2 being skipped.
Sep  2 13:34:20 rhel8 systemd[1]: Created slice system-lvm2\x2dpvscan.slice.
Sep  2 13:34:20 rhel8 systemd[1]: Starting LVM event activation on device 8:2...
Sep  2 13:34:20 rhel8 systemd[1]: Started NTP client/server.
Sep  2 13:34:20 rhel8 systemd[1]: unbound-anchor.service: Succeeded.
Sep  2 13:34:20 rhel8 systemd[1]: Started update of the root trust anchor for DNSSEC validation in unbound.
Sep  2 13:34:20 rhel8 systemd-logind[750]: New seat seat0.
Sep  2 13:34:20 rhel8 systemd-logind[750]: Watching system buttons on /dev/input/event0 (Power Button)
Sep  2 13:34:20 rhel8 systemd-logind[750]: Watching system buttons on /dev/input/event1 (Sleep Button)
Sep  2 13:34:20 rhel8 systemd-logind[750]: Watching system buttons on /dev/input/event2 (AT Translated Set 2 keyboard)
Sep  2 13:34:20 rhel8 systemd[1]: Started Login Service.
Sep  2 13:34:20 rhel8 lvm[774]:  pvscan[774] PV /dev/sda2 online, VG rhel_rhel8 is complete.
Sep  2 13:34:20 rhel8 lvm[774]:  pvscan[774] VG rhel_rhel8 run autoactivation.
Sep  2 13:34:20 rhel8 lvm[774]:  2 logical volume(s) in volume group "rhel_rhel8" now active
Sep  2 13:34:20 rhel8 systemd[1]: Started LVM event activation on device 8:2.
Sep  2 13:34:21 rhel8 systemd[1]: sshd-keygen@ecdsa.service: Succeeded.
Sep  2 13:34:21 rhel8 systemd[1]: Started OpenSSH ecdsa Server Key Generation.
Sep  2 13:34:21 rhel8 systemd[1]: sshd-keygen@ed25519.service: Succeeded.
Sep  2 13:34:21 rhel8 systemd[1]: Started OpenSSH ed25519 Server Key Generation.
Sep  2 13:34:21 rhel8 vboxadd[741]: VirtualBox Guest Additions: Starting.
Sep  2 13:34:21 rhel8 vboxadd[798]: VirtualBox Guest Additions: Building the VirtualBox Guest Additions kernel
Sep  2 13:34:21 rhel8 vboxadd[798]: modules.  This may take a while.
Sep  2 13:34:21 rhel8 vboxadd[800]: VirtualBox Guest Additions: To build modules for other installed kernels, run
Sep  2 13:34:21 rhel8 vboxadd[802]: VirtualBox Guest Additions:   /sbin/rcvboxadd quicksetup <version>
Sep  2 13:34:21 rhel8 vboxadd[804]: VirtualBox Guest Additions: or
Sep  2 13:34:21 rhel8 vboxadd[806]: VirtualBox Guest Additions:   /sbin/rcvboxadd quicksetup all
Sep  2 13:34:21 rhel8 systemd[1]: sshd-keygen@rsa.service: Succeeded.
Sep  2 13:34:21 rhel8 systemd[1]: Started OpenSSH rsa Server Key Generation.
Sep  2 13:34:21 rhel8 systemd[1]: Reached target sshd-keygen.target.
Sep  2 13:34:21 rhel8 systemd[1]: Started firewalld - dynamic firewall daemon.
Sep  2 13:34:21 rhel8 systemd[1]: Reached target Network (Pre).
Sep  2 13:34:21 rhel8 systemd[1]: Starting Network Manager...
Sep  2 13:34:21 rhel8 NetworkManager[814]: <info>  [1756820061.8389] NetworkManager (version 1.40.16-9.el8) is starting... (boot:6ba6c751-63fc-4f04-b97b-543db862fb44)
Sep  2 13:34:21 rhel8 NetworkManager[814]: <info>  [1756820061.8411] Read config: /etc/NetworkManager/NetworkManager.conf (run: 15-carrier-timeout.conf)
Sep  2 13:34:21 rhel8 systemd[1]: Started Network Manager.
Sep  2 13:34:21 rhel8 systemd[1]: Reached target Network.
Sep  2 13:34:21 rhel8 systemd[1]: Starting OpenSSH server daemon...
Sep  2 13:34:21 rhel8 systemd[1]: Starting Dynamic System Tuning Daemon...
Sep  2 13:34:21 rhel8 systemd[1]: Starting Enable periodic update of entitlement certificates....
Sep  2 13:34:21 rhel8 systemd[1]: Starting Permit User Sessions...
Sep  2 13:34:21 rhel8 NetworkManager[814]: <info>  [1756820061.8536] bus-manager: acquired D-Bus service "org.freedesktop.NetworkManager"
Sep  2 13:34:21 rhel8 systemd[1]: Starting Network Manager Wait Online...
Sep  2 13:34:21 rhel8 systemd[1]: Started Enable periodic update of entitlement certificates..
Sep  2 13:34:21 rhel8 NetworkManager[814]: <info>  [1756820061.8882] manager[0x556b14a2b080]: monitoring kernel firmware directory '/lib/firmware'.
Sep  2 13:34:21 rhel8 dbus-daemon[744]: [system] Activating via systemd: service name='org.freedesktop.hostname1' unit='dbus-org.freedesktop.hostname1.service' requested by ':1.5' (uid=0 pid=814 comm="/usr/sbin/NetworkManager --no-daemon " label="system_u:system_r:NetworkManager_t:s0")
Sep  2 13:34:21 rhel8 systemd[1]: Starting Hostname Service...
Sep  2 13:34:21 rhel8 systemd[1]: Started Permit User Sessions.
Sep  2 13:34:21 rhel8 systemd[1]: Starting Terminate Plymouth Boot Screen...
Sep  2 13:34:21 rhel8 systemd[1]: Starting Hold until boot process finishes up...
Sep  2 13:34:21 rhel8 systemd[1]: Started Command Scheduler.
Sep  2 13:34:21 rhel8 systemd[1]: Started OpenSSH server daemon.
Sep  2 13:34:21 rhel8 systemd[1]: Received SIGRTMIN+21 from PID 383 (plymouthd).
Sep  2 13:34:21 rhel8 systemd[1]: Started Terminate Plymouth Boot Screen.
Sep  2 13:34:21 rhel8 systemd[1]: Started Hold until boot process finishes up.
Sep  2 13:34:21 rhel8 systemd[1]: Started Getty on tty1.
Sep  2 13:34:21 rhel8 systemd[1]: Reached target Login Prompts.
Sep  2 13:34:22 rhel8 firewalld[751]: WARNING: AllowZoneDrifting is enabled. This is considered an insecure configuration option. It will be removed in a future release. Please consider disabling it now.
Sep  2 13:34:22 rhel8 dbus-daemon[744]: [system] Successfully activated service 'org.freedesktop.hostname1'
Sep  2 13:34:22 rhel8 systemd[1]: Started Hostname Service.
Sep  2 13:34:22 rhel8 NetworkManager[814]: <info>  [1756820062.1723] hostname: hostname: using hostnamed
Sep  2 13:34:22 rhel8 NetworkManager[814]: <info>  [1756820062.1726] hostname: static hostname changed from (none) to "rhel8.localdomain"
Sep  2 13:34:22 rhel8 NetworkManager[814]: <info>  [1756820062.1732] dns-mgr: init: dns=default,systemd-resolved rc-manager=symlink
Sep  2 13:34:22 rhel8 systemd[1]: mlocate-updatedb.service: Succeeded.
Sep  2 13:34:22 rhel8 NetworkManager[814]: <info>  [1756820062.1958] Loaded device plugin: NMTeamFactory (/usr/lib64/NetworkManager/1.40.16-9.el8/libnm-device-plugin-team.so)
Sep  2 13:34:22 rhel8 NetworkManager[814]: <info>  [1756820062.1960] manager: rfkill: Wi-Fi enabled by radio killswitch; enabled by state file
Sep  2 13:34:22 rhel8 NetworkManager[814]: <info>  [1756820062.1961] manager: rfkill: WWAN enabled by radio killswitch; enabled by state file
Sep  2 13:34:22 rhel8 NetworkManager[814]: <info>  [1756820062.1962] manager: Networking is enabled by state file
Sep  2 13:34:22 rhel8 dbus-daemon[744]: [system] Activating via systemd: service name='org.freedesktop.nm_dispatcher' unit='dbus-org.freedesktop.nm-dispatcher.service' requested by ':1.5' (uid=0 pid=814 comm="/usr/sbin/NetworkManager --no-daemon " label="system_u:system_r:NetworkManager_t:s0")
Sep  2 13:34:22 rhel8 systemd[1]: Starting Network Manager Script Dispatcher Service...
Sep  2 13:34:22 rhel8 NetworkManager[814]: <info>  [1756820062.2270] settings: Loaded settings plugin: ifcfg-rh ("/usr/lib64/NetworkManager/1.40.16-9.el8/libnm-settings-plugin-ifcfg-rh.so")
Sep  2 13:34:22 rhel8 NetworkManager[814]: <info>  [1756820062.2271] settings: Loaded settings plugin: keyfile (internal)
Sep  2 13:34:22 rhel8 NetworkManager[814]: <info>  [1756820062.2386] dhcp: init: Using DHCP client 'internal'
Sep  2 13:34:22 rhel8 NetworkManager[814]: <info>  [1756820062.2388] device (lo): carrier: link connected
Sep  2 13:34:22 rhel8 NetworkManager[814]: <info>  [1756820062.2395] manager: (lo): new Generic device (/org/freedesktop/NetworkManager/Devices/1)
Sep  2 13:34:22 rhel8 NetworkManager[814]: <info>  [1756820062.2421] manager: (eth0): new Ethernet device (/org/freedesktop/NetworkManager/Devices/2)
Sep  2 13:34:22 rhel8 NetworkManager[814]: <info>  [1756820062.2445] device (eth0): state change: unmanaged -> unavailable (reason 'managed', sys-iface-state: 'external')
Sep  2 13:34:22 rhel8 kernel: IPv6: ADDRCONF(NETDEV_UP): eth0: link is not ready
Sep  2 13:34:22 rhel8 kernel: IPv6: ADDRCONF(NETDEV_UP): eth0: link is not ready
Sep  2 13:34:22 rhel8 kernel: e1000: eth0 NIC Link is Up 1000 Mbps Full Duplex, Flow Control: None
Sep  2 13:34:22 rhel8 kernel: IPv6: ADDRCONF(NETDEV_CHANGE): eth0: link becomes ready
Sep  2 13:34:22 rhel8 dbus-daemon[744]: [system] Successfully activated service 'org.freedesktop.nm_dispatcher'
Sep  2 13:34:22 rhel8 systemd[1]: Started Network Manager Script Dispatcher Service.
Sep  2 13:34:22 rhel8 NetworkManager[814]: <info>  [1756820062.2670] device (eth0): carrier: link connected
Sep  2 13:34:22 rhel8 NetworkManager[814]: <info>  [1756820062.2810] device (eth0): state change: unavailable -> disconnected (reason 'carrier-changed', sys-iface-state: 'managed')
Sep  2 13:34:22 rhel8 NetworkManager[814]: <info>  [1756820062.2868] policy: auto-activating connection 'System eth0' (5fb06bd0-0bb0-7ffb-45f1-d6edd65f3e03)
Sep  2 13:34:22 rhel8 NetworkManager[814]: <info>  [1756820062.2873] device (eth0): Activation: starting connection 'System eth0' (5fb06bd0-0bb0-7ffb-45f1-d6edd65f3e03)
Sep  2 13:34:22 rhel8 NetworkManager[814]: <info>  [1756820062.2877] device (eth0): state change: disconnected -> prepare (reason 'none', sys-iface-state: 'managed')
Sep  2 13:34:22 rhel8 NetworkManager[814]: <info>  [1756820062.2878] manager: NetworkManager state is now CONNECTING
Sep  2 13:34:22 rhel8 NetworkManager[814]: <info>  [1756820062.2879] device (eth0): state change: prepare -> config (reason 'none', sys-iface-state: 'managed')
Sep  2 13:34:22 rhel8 dbus-daemon[744]: [system] Activating via systemd: service name='org.freedesktop.PolicyKit1' unit='polkit.service' requested by ':1.11' (uid=0 pid=826 comm="/usr/libexec/platform-python -Es /usr/sbin/tuned -" label="system_u:system_r:tuned_t:s0")
Sep  2 13:34:22 rhel8 systemd[1]: Starting Authorization Manager...
Sep  2 13:34:22 rhel8 polkitd[882]: Started polkitd version 0.115
Sep  2 13:34:22 rhel8 dbus-daemon[744]: [system] Successfully activated service 'org.freedesktop.PolicyKit1'
Sep  2 13:34:22 rhel8 systemd[1]: Started Authorization Manager.
Sep  2 13:34:22 rhel8 systemd[1]: Started Dynamic System Tuning Daemon.
Sep  2 13:34:22 rhel8 NetworkManager[814]: <info>  [1756820062.8596] device (eth0): state change: config -> ip-config (reason 'none', sys-iface-state: 'managed')
Sep  2 13:34:22 rhel8 NetworkManager[814]: <info>  [1756820062.8601] dhcp4 (eth0): activation: beginning transaction (timeout in 45 seconds)
Sep  2 13:34:22 rhel8 NetworkManager[814]: <info>  [1756820062.8627] dhcp4 (eth0): state changed new lease, address=10.0.2.15
Sep  2 13:34:22 rhel8 NetworkManager[814]: <info>  [1756820062.8629] policy: set 'System eth0' (eth0) as default for IPv4 routing and DNS
Sep  2 13:34:22 rhel8 dbus-daemon[744]: [system] Activating via systemd: service name='org.freedesktop.resolve1' unit='dbus-org.freedesktop.resolve1.service' requested by ':1.5' (uid=0 pid=814 comm="/usr/sbin/NetworkManager --no-daemon " label="system_u:system_r:NetworkManager_t:s0")
Sep  2 13:34:22 rhel8 dbus-daemon[744]: [system] Activation via systemd failed for unit 'dbus-org.freedesktop.resolve1.service': Unit dbus-org.freedesktop.resolve1.service not found.
Sep  2 13:34:22 rhel8 NetworkManager[814]: <info>  [1756820062.8729] device (eth0): state change: ip-config -> ip-check (reason 'none', sys-iface-state: 'managed')
Sep  2 13:34:22 rhel8 NetworkManager[814]: <info>  [1756820062.8776] device (eth0): state change: ip-check -> secondaries (reason 'none', sys-iface-state: 'managed')
Sep  2 13:34:22 rhel8 NetworkManager[814]: <info>  [1756820062.8778] device (eth0): state change: secondaries -> activated (reason 'none', sys-iface-state: 'managed')
Sep  2 13:34:22 rhel8 NetworkManager[814]: <info>  [1756820062.8780] manager: NetworkManager state is now CONNECTED_SITE
Sep  2 13:34:22 rhel8 NetworkManager[814]: <info>  [1756820062.8782] device (eth0): Activation: successful, device activated.
Sep  2 13:34:22 rhel8 NetworkManager[814]: <info>  [1756820062.8785] manager: NetworkManager state is now CONNECTED_GLOBAL
Sep  2 13:34:22 rhel8 NetworkManager[814]: <info>  [1756820062.8789] manager: startup complete
Sep  2 13:34:22 rhel8 systemd[1]: Started Network Manager Wait Online.
Sep  2 13:34:22 rhel8 systemd[1]: Reached target Network is Online.
Sep  2 13:34:22 rhel8 systemd[1]: Starting System Logging Service...
Sep  2 13:34:22 rhel8 rsyslogd[944]: [origin software="rsyslogd" swVersion="8.2102.0-15.el8" x-pid="944" x-info="https://www.rsyslog.com"] start
Sep  2 13:34:22 rhel8 systemd[1]: Started System Logging Service.
Sep  2 13:34:23 rhel8 rsyslogd[944]: imjournal: journal files changed, reloading...  [v8.2102.0-15.el8 try https://www.rsyslog.com/e/0 ]
Sep  2 13:34:42 rhel8 chronyd[767]: Selected source 103.134.77.146 (2.rhel.pool.ntp.org)
Sep  2 13:34:42 rhel8 chronyd[767]: System clock wrong by 13.915504 seconds
Sep  2 13:34:42 rhel8 chronyd[767]: System clock was stepped by 13.915504 seconds
Sep  2 13:34:42 rhel8 chronyd[767]: System clock TAI offset set to 37 seconds
Sep  2 13:34:43 rhel8 chronyd[767]: Selected source 172.232.235.123 (2.rhel.pool.ntp.org)
Sep  2 13:34:44 rhel8 vboxadd[980]: ValueError: File context for /opt/VBoxGuestAdditions-6.1.30/other/mount.vboxsf already defined
Sep  2 13:34:44 rhel8 vboxadd[989]: VirtualBox Guest Additions: Running kernel modules will not be replaced until
Sep  2 13:34:44 rhel8 vboxadd[989]: the system is restarted
Sep  2 13:34:44 rhel8 systemd[1]: Created slice User Slice of UID 1000.
Sep  2 13:34:44 rhel8 systemd[1]: Starting User runtime directory /run/user/1000...
Sep  2 13:34:44 rhel8 systemd-logind[750]: New session 1 of user vagrant.
Sep  2 13:34:44 rhel8 systemd[1]: Started User runtime directory /run/user/1000.
Sep  2 13:34:44 rhel8 systemd[1]: Starting User Manager for UID 1000...
Sep  2 13:34:45 rhel8 systemd[995]: Started Mark boot as successful after the user session has run 2 minutes.
Sep  2 13:34:45 rhel8 systemd[995]: Reached target Timers.
Sep  2 13:34:45 rhel8 systemd[995]: Reached target Paths.
Sep  2 13:34:45 rhel8 systemd[995]: Starting D-Bus User Message Bus Socket.
Sep  2 13:34:45 rhel8 systemd[995]: Listening on D-Bus User Message Bus Socket.
Sep  2 13:34:45 rhel8 systemd[995]: Reached target Sockets.
Sep  2 13:34:45 rhel8 systemd[995]: Reached target Basic System.
Sep  2 13:34:45 rhel8 systemd[995]: Reached target Default.
Sep  2 13:34:45 rhel8 systemd[995]: Startup finished in 139ms.
Sep  2 13:34:45 rhel8 systemd[1]: Started User Manager for UID 1000.
Sep  2 13:34:45 rhel8 systemd[1]: Started Session 1 of user vagrant.
Sep  2 13:34:45 rhel8 systemd[1]: Started vboxadd.service.
Sep  2 13:34:45 rhel8 systemd[1]: Starting vboxadd-service.service...
Sep  2 13:34:45 rhel8 vboxadd-service[1044]: vboxadd-service.sh: Starting VirtualBox Guest Addition service.
Sep  2 13:34:45 rhel8 vboxadd-service.sh[1047]: Starting VirtualBox Guest Addition service.
Sep  2 13:34:45 rhel8 kernel: 13:34:45.147687 main     VBoxService 6.1.30 r148432 (verbosity: 0) linux.amd64 (Nov 22 2021 16:16:32) release log#01213:34:45.147692 main     Log opened 2025-09-02T13:34:45.147677000Z
Sep  2 13:34:45 rhel8 kernel: 13:34:45.147858 main     OS Product: Linux
Sep  2 13:34:45 rhel8 kernel: 13:34:45.147913 main     OS Release: 4.18.0-513.5.1.el8_9.x86_64
Sep  2 13:34:45 rhel8 kernel: 13:34:45.147961 main     OS Version: #1 SMP Fri Sep 29 05:21:10 EDT 2023
Sep  2 13:34:45 rhel8 kernel: 13:34:45.148007 main     Executable: /opt/VBoxGuestAdditions-6.1.30/sbin/VBoxService#01213:34:45.148008 main     Process ID: 1051#01213:34:45.148009 main     Package type: LINUX_64BITS_GENERIC
Sep  2 13:34:45 rhel8 kernel: 13:34:45.154849 main     6.1.30 r148432 started. Verbose level = 0
Sep  2 13:34:45 rhel8 vboxadd-service.sh[1060]: VirtualBox Guest Addition service started.
Sep  2 13:34:45 rhel8 kernel: 13:34:45.164445 main     vbglR3GuestCtrlDetectPeekGetCancelSupport: Supported (#1)
Sep  2 13:34:45 rhel8 systemd[1]: Started vboxadd-service.service.
Sep  2 13:34:45 rhel8 systemd[1]: Reached target Multi-User System.
Sep  2 13:34:45 rhel8 systemd[1]: Starting Update UTMP about System Runlevel Changes...
Sep  2 13:34:45 rhel8 systemd[1]: systemd-update-utmp-runlevel.service: Succeeded.
Sep  2 13:34:45 rhel8 systemd[1]: Started Update UTMP about System Runlevel Changes.
Sep  2 13:34:45 rhel8 systemd[1]: Startup finished in 1.448s (kernel) + 2.416s (initrd) + 14.171s (userspace) = 18.036s.
Sep  2 13:34:46 rhel8 systemd[1]: NetworkManager-dispatcher.service: Succeeded.
Sep  2 13:34:52 rhel8 systemd[1]: session-1.scope: Succeeded.
Sep  2 13:34:52 rhel8 systemd-logind[750]: Session 1 logged out. Waiting for processes to exit.
Sep  2 13:34:52 rhel8 systemd-logind[750]: Removed session 1.
Sep  2 13:34:52 rhel8 systemd-logind[750]: New session 3 of user vagrant.
Sep  2 13:34:52 rhel8 systemd[1]: Started Session 3 of user vagrant.
Sep  2 13:34:54 rhel8 systemd[1]: session-3.scope: Succeeded.
Sep  2 13:34:54 rhel8 systemd-logind[750]: Session 3 logged out. Waiting for processes to exit.
Sep  2 13:34:54 rhel8 systemd-logind[750]: Removed session 3.
Sep  2 13:35:04 rhel8 systemd[1]: Stopping User Manager for UID 1000...
Sep  2 13:35:04 rhel8 systemd[995]: Stopped target Default.
Sep  2 13:35:04 rhel8 systemd[995]: Stopped target Basic System.
Sep  2 13:35:04 rhel8 systemd[995]: Stopped target Timers.
Sep  2 13:35:04 rhel8 systemd[995]: Stopped Mark boot as successful after the user session has run 2 minutes.
Sep  2 13:35:04 rhel8 systemd[995]: Stopped target Sockets.
Sep  2 13:35:04 rhel8 systemd[995]: Closed D-Bus User Message Bus Socket.
Sep  2 13:35:04 rhel8 systemd[995]: Stopped target Paths.
Sep  2 13:35:04 rhel8 systemd[995]: Reached target Shutdown.
Sep  2 13:35:04 rhel8 systemd[995]: Started Exit the Session.
Sep  2 13:35:04 rhel8 systemd[995]: Reached target Exit the Session.
Sep  2 13:35:04 rhel8 systemd[1]: user@1000.service: Succeeded.
Sep  2 13:35:04 rhel8 systemd[1]: Stopped User Manager for UID 1000.
Sep  2 13:35:04 rhel8 systemd[1]: Stopping User runtime directory /run/user/1000...
Sep  2 13:35:04 rhel8 systemd[1]: run-user-1000.mount: Succeeded.
Sep  2 13:35:04 rhel8 systemd[1]: user-runtime-dir@1000.service: Succeeded.
Sep  2 13:35:04 rhel8 systemd[1]: Stopped User runtime directory /run/user/1000.
Sep  2 13:35:04 rhel8 systemd[1]: Removed slice User Slice of UID 1000.
Sep  2 13:35:06 rhel8 systemd[1]: systemd-hostnamed.service: Succeeded.
Sep  2 13:39:58 rhel8 systemd[1]: Created slice User Slice of UID 1000.
Sep  2 13:39:58 rhel8 systemd[1]: Starting User runtime directory /run/user/1000...
Sep  2 13:39:58 rhel8 systemd-logind[750]: New session 4 of user vagrant.
Sep  2 13:39:58 rhel8 systemd[1]: Started User runtime directory /run/user/1000.
Sep  2 13:39:58 rhel8 systemd[1]: Starting User Manager for UID 1000...
Sep  2 13:39:58 rhel8 systemd[3786]: Starting D-Bus User Message Bus Socket.
Sep  2 13:39:58 rhel8 systemd[3786]: Reached target Paths.
Sep  2 13:39:58 rhel8 systemd[3786]: Started Mark boot as successful after the user session has run 2 minutes.
Sep  2 13:39:58 rhel8 systemd[3786]: Reached target Timers.
Sep  2 13:39:58 rhel8 systemd[3786]: Listening on D-Bus User Message Bus Socket.
Sep  2 13:39:58 rhel8 systemd[3786]: Reached target Sockets.
Sep  2 13:39:58 rhel8 systemd[3786]: Reached target Basic System.
Sep  2 13:39:58 rhel8 systemd[3786]: Reached target Default.
Sep  2 13:39:58 rhel8 systemd[3786]: Startup finished in 45ms.
Sep  2 13:39:58 rhel8 systemd[1]: Started User Manager for UID 1000.
Sep  2 13:39:58 rhel8 systemd[1]: Started Session 4 of user vagrant.
Sep  2 13:40:11 rhel8 systemd[1]: Starting system activity accounting tool...
Sep  2 13:40:11 rhel8 systemd[1]: sysstat-collect.service: Succeeded.
Sep  2 13:40:11 rhel8 systemd[1]: Started system activity accounting tool.
Sep  2 13:42:39 rhel8 systemd[3786]: Starting Mark boot as successful...
Sep  2 13:42:39 rhel8 systemd[3786]: Started Mark boot as successful.
Sep  2 13:49:39 rhel8 systemd[1]: Starting Cleanup of Temporary Directories...
Sep  2 13:49:39 rhel8 systemd[1]: systemd-tmpfiles-clean.service: Succeeded.
Sep  2 13:49:39 rhel8 systemd[1]: Started Cleanup of Temporary Directories.
Sep  2 13:50:11 rhel8 systemd[1]: Starting system activity accounting tool...
Sep  2 13:50:11 rhel8 systemd[1]: sysstat-collect.service: Succeeded.
Sep  2 13:50:11 rhel8 systemd[1]: Started system activity accounting tool.
Sep  2 14:00:11 rhel8 systemd[1]: Starting system activity accounting tool...
Sep  2 14:00:11 rhel8 systemd[1]: Started Update a database for mlocate.
Sep  2 14:00:11 rhel8 systemd[1]: sysstat-collect.service: Succeeded.
Sep  2 14:00:11 rhel8 systemd[1]: Started system activity accounting tool.
Sep  2 14:00:12 rhel8 systemd[1]: mlocate-updatedb.service: Succeeded.
Sep  2 14:10:11 rhel8 systemd[1]: Starting system activity accounting tool...
Sep  2 14:10:12 rhel8 systemd[1]: sysstat-collect.service: Succeeded.
Sep  2 14:10:12 rhel8 systemd[1]: Started system activity accounting tool.
Sep  2 14:17:05 rhel8 systemd[1]: session-4.scope: Succeeded.
Sep  2 14:17:05 rhel8 systemd-logind[750]: Session 4 logged out. Waiting for processes to exit.
Sep  2 14:17:05 rhel8 systemd-logind[750]: Removed session 4.
Sep  2 14:17:15 rhel8 systemd[1]: Stopping User Manager for UID 1000...
Sep  2 14:17:15 rhel8 systemd[3786]: Stopped target Default.
Sep  2 14:17:15 rhel8 systemd[3786]: Stopped target Basic System.
Sep  2 14:17:15 rhel8 systemd[3786]: Stopped target Timers.
Sep  2 14:17:15 rhel8 systemd[3786]: Stopped target Paths.
Sep  2 14:17:15 rhel8 systemd[3786]: Stopped Mark boot as successful after the user session has run 2 minutes.
Sep  2 14:17:15 rhel8 systemd[3786]: Stopped target Sockets.
Sep  2 14:17:15 rhel8 systemd[3786]: Closed D-Bus User Message Bus Socket.
Sep  2 14:17:15 rhel8 systemd[3786]: Reached target Shutdown.
Sep  2 14:17:15 rhel8 systemd[3786]: Started Exit the Session.
Sep  2 14:17:15 rhel8 systemd[3786]: Reached target Exit the Session.
Sep  2 14:17:15 rhel8 systemd[1]: user@1000.service: Succeeded.
Sep  2 14:17:15 rhel8 systemd[1]: Stopped User Manager for UID 1000.
Sep  2 14:17:15 rhel8 systemd[1]: Stopping User runtime directory /run/user/1000...
Sep  2 14:17:15 rhel8 systemd[1]: run-user-1000.mount: Succeeded.
Sep  2 14:17:15 rhel8 systemd[1]: user-runtime-dir@1000.service: Succeeded.
Sep  2 14:17:15 rhel8 systemd[1]: Stopped User runtime directory /run/user/1000.
Sep  2 14:17:15 rhel8 systemd[1]: Removed slice User Slice of UID 1000.
Sep  2 14:20:11 rhel8 systemd[1]: Starting system activity accounting tool...
Sep  2 14:20:11 rhel8 systemd[1]: sysstat-collect.service: Succeeded.
Sep  2 14:20:11 rhel8 systemd[1]: Started system activity accounting tool.
Sep  2 14:20:32 rhel8 systemd[1]: Created slice User Slice of UID 1000.
Sep  2 14:20:32 rhel8 systemd[1]: Starting User runtime directory /run/user/1000...
Sep  2 14:20:32 rhel8 systemd-logind[750]: New session 6 of user vagrant.
Sep  2 14:20:32 rhel8 systemd[1]: Started User runtime directory /run/user/1000.
Sep  2 14:20:32 rhel8 systemd[1]: Starting User Manager for UID 1000...
Sep  2 14:20:33 rhel8 systemd[3896]: Reached target Paths.
Sep  2 14:20:33 rhel8 systemd[3896]: Started Mark boot as successful after the user session has run 2 minutes.
Sep  2 14:20:33 rhel8 systemd[3896]: Reached target Timers.
Sep  2 14:20:33 rhel8 systemd[3896]: Starting D-Bus User Message Bus Socket.
Sep  2 14:20:33 rhel8 systemd[3896]: Listening on D-Bus User Message Bus Socket.
Sep  2 14:20:33 rhel8 systemd[3896]: Reached target Sockets.
Sep  2 14:20:33 rhel8 systemd[3896]: Reached target Basic System.
Sep  2 14:20:33 rhel8 systemd[3896]: Reached target Default.
Sep  2 14:20:33 rhel8 systemd[3896]: Startup finished in 71ms.
Sep  2 14:20:33 rhel8 systemd[1]: Started User Manager for UID 1000.
